Component: ARM Compiler 5.06 update 7 (build 960) Tool: armlink [4d3601]

==============================================================================

Section Cross References

    startup.o(STACK) refers (Special) to heapauxi.o(.text) for __use_two_region_memory
    startup.o(HEAP) refers (Special) to heapauxi.o(.text) for __use_two_region_memory
    startup.o(RESET) refers (Special) to heapauxi.o(.text) for __use_two_region_memory
    startup.o(RESET) refers to startup.o(STACK) for StackMem
    startup.o(RESET) refers to lab5.o(i.Timer0A_Handler) for Timer0A_Handler
    startup.o(RESET) refers to lab5.o(i.Timer2A_Handler) for Timer2A_Handler
    startup.o(RESET) refers to texas.o(i.Timer5A_Handler) for Timer5A_Handler
    startup.o(RESET) refers to __main.o(!!!main) for __main
    startup.o(.text) refers (Special) to heapauxi.o(.text) for __use_two_region_memory
    startup.o(.text) refers to startup.o(HEAP) for HeapMem
    startup.o(.text) refers to startup.o(STACK) for StackMem
    adcswtrigger.o(i.ADC0_InSeq2) refers to adcswtrigger.o(.data) for UserTask2
    adcswtrigger.o(i.ADC0_InitSWTriggerSeq2) refers to adcswtrigger.o(.data) for UserTask2
    launchpad.o(i.LaunchPad_WaitForRelease) refers to launchpad.o(i.DelayMs) for DelayMs
    launchpad.o(i.LaunchPad_WaitForTouch) refers to launchpad.o(i.DelayMs) for DelayMs
    texas.o(i.LogicAnalyzer) refers to texas.o(.data) for LogicData
    texas.o(i.PeriodicTask2_Init) refers to startup.o(.text) for StartCritical
    texas.o(i.PeriodicTask2_Init) refers to texas.o(.data) for PeriodicTask2
    texas.o(i.TExaS_Clear0) refers to texas.o(.data) for LogicData
    texas.o(i.TExaS_Clear1) refers to texas.o(.data) for LogicData
    texas.o(i.TExaS_Clear2) refers to texas.o(.data) for LogicData
    texas.o(i.TExaS_Clear3) refers to texas.o(.data) for LogicData
    texas.o(i.TExaS_Clear5) refers to texas.o(.data) for LogicData
    texas.o(i.TExaS_Clear6) refers to texas.o(.data) for LogicData
    texas.o(i.TExaS_Init) refers to texas.o(i.UART_Init) for UART_Init
    texas.o(i.TExaS_Init) refers to texas.o(i.PeriodicTask2_Init) for PeriodicTask2_Init
    texas.o(i.TExaS_Init) refers to texas.o(i.ADC1_Init) for ADC1_Init
    texas.o(i.TExaS_Init) refers to texas.o(i.ADC1_Init_PD2) for ADC1_Init_PD2
    texas.o(i.TExaS_Init) refers to texas.o(i.ADC1_Init_PE2) for ADC1_Init_PE2
    texas.o(i.TExaS_Init) refers to texas.o(i.ADC1_Init_PB5) for ADC1_Init_PB5
    texas.o(i.TExaS_Init) refers to texas.o(.data) for LogicData
    texas.o(i.TExaS_Init) refers to texas.o(i.LogicAnalyzer) for LogicAnalyzer
    texas.o(i.TExaS_Init) refers to texas.o(i.Scope) for Scope
    texas.o(i.TExaS_Set0) refers to texas.o(.data) for LogicData
    texas.o(i.TExaS_Set1) refers to texas.o(.data) for LogicData
    texas.o(i.TExaS_Set2) refers to texas.o(.data) for LogicData
    texas.o(i.TExaS_Set3) refers to texas.o(.data) for LogicData
    texas.o(i.TExaS_Set5) refers to texas.o(.data) for LogicData
    texas.o(i.TExaS_Set6) refers to texas.o(.data) for LogicData
    texas.o(i.TExaS_SetTask) refers to pll.o(i.PLL_Init) for PLL_Init
    texas.o(i.TExaS_SetTask) refers to texas.o(i.ADC1_Init) for ADC1_Init
    texas.o(i.TExaS_SetTask) refers to texas.o(i.UART_Init) for UART_Init
    texas.o(i.TExaS_SetTask) refers to texas.o(i.PeriodicTask2_Init) for PeriodicTask2_Init
    texas.o(i.TExaS_Stop) refers to texas.o(i.PeriodicTask2_Stop) for PeriodicTask2_Stop
    texas.o(i.TExaS_Task0) refers to texas.o(.data) for LogicData
    texas.o(i.TExaS_Task1) refers to texas.o(.data) for LogicData
    texas.o(i.TExaS_Task2) refers to texas.o(.data) for LogicData
    texas.o(i.TExaS_Task3) refers to texas.o(.data) for LogicData
    texas.o(i.TExaS_Task5) refers to texas.o(.data) for LogicData
    texas.o(i.TExaS_Task6) refers to texas.o(.data) for LogicData
    texas.o(i.Timer5A_Handler) refers to texas.o(.data) for PeriodicTask2
    st7735.o(i.Output_Clear) refers to st7735.o(i.ST7735_FillScreen) for ST7735_FillScreen
    st7735.o(i.Output_Color) refers to st7735.o(i.ST7735_SetTextColor) for ST7735_SetTextColor
    st7735.o(i.Output_Init) refers to st7735.o(i.ST7735_InitR) for ST7735_InitR
    st7735.o(i.Output_Init) refers to st7735.o(i.ST7735_FillScreen) for ST7735_FillScreen
    st7735.o(i.Output_Off) refers to st7735.o(i.Output_Clear) for Output_Clear
    st7735.o(i.Output_On) refers to st7735.o(i.Output_Init) for Output_Init
    st7735.o(i.ST7735_DrawBitmap) refers to st7735.o(i.setAddrWindow) for setAddrWindow
    st7735.o(i.ST7735_DrawBitmap) refers to st7735.o(i.writedata) for writedata
    st7735.o(i.ST7735_DrawBitmap) refers to st7735.o(i.deselect) for deselect
    st7735.o(i.ST7735_DrawBitmap) refers to st7735.o(.data) for _width
    st7735.o(i.ST7735_DrawChar) refers to st7735.o(i.setAddrWindow) for setAddrWindow
    st7735.o(i.ST7735_DrawChar) refers to st7735.o(i.pushColor) for pushColor
    st7735.o(i.ST7735_DrawChar) refers to st7735.o(i.deselect) for deselect
[...]
    st7735.o(i.ST7735_OutUDec) refers to st7735.o(i.fillmessage) for fillmessage
    st7735.o(i.ST7735_OutUDec) refers to st7735.o(i.ST7735_DrawString) for ST7735_DrawString
    st7735.o(i.ST7735_OutUDec) refers to st7735.o(i.ST7735_DrawCharS) for ST7735_DrawCharS
    st7735.o(i.ST7735_OutUDec) refers to st7735.o(.data) for Messageindex
    st7735.o(i.ST7735_OutUDec) refers to st7735.o(.bss) for Message
    st7735.o(i.ST7735_OutUDec4) refers to st7735.o(i.fillmessage4) for fillmessage4
    st7735.o(i.ST7735_OutUDec4) refers to st7735.o(i.ST7735_DrawString) for ST7735_DrawString
    st7735.o(i.ST7735_OutUDec4) refers to st7735.o(i.ST7735_DrawCharS) for ST7735_DrawCharS
    st7735.o(i.ST7735_OutUDec4) refers to st7735.o(.data) for Messageindex
    st7735.o(i.ST7735_OutUDec4) refers to st7735.o(.bss) for Message
    st7735.o(i.ST7735_OutUDec5) refers to st7735.o(i.fillmessage5) for fillmessage5
    st7735.o(i.ST7735_OutUDec5) refers to st7735.o(i.ST7735_DrawString) for ST7735_DrawString
    st7735.o(i.ST7735_OutUDec5) refers to st7735.o(i.ST7735_DrawCharS) for ST7735_DrawCharS
    st7735.o(i.ST7735_OutUDec5) refers to st7735.o(.data) for Messageindex
    st7735.o(i.ST7735_OutUDec5) refers to st7735.o(.bss) for Message
    st7735.o(i.ST7735_PlotBar) refers to st7735.o(i.ST7735_DrawFastVLine) for ST7735_DrawFastVLine
    st7735.o(i.ST7735_PlotBar) refers to st7735.o(.data) for Ymin
    st7735.o(i.ST7735_PlotClear) refers to st7735.o(i.ST7735_Color565) for ST7735_Color565
    st7735.o(i.ST7735_PlotClear) refers to st7735.o(i.ST7735_FillRect) for ST7735_FillRect
    st7735.o(i.ST7735_PlotClear) refers to st7735.o(.data) for Ymax
    st7735.o(i.ST7735_PlotLine) refers to st7735.o(i.ST7735_DrawPixel) for ST7735_DrawPixel
    st7735.o(i.ST7735_PlotLine) refers to st7735.o(.data) for Ymin
    st7735.o(i.ST7735_PlotNext) refers to st7735.o(.data) for X
    st7735.o(i.ST7735_PlotNextErase) refers to st7735.o(i.ST7735_Color565) for ST7735_Color565
    st7735.o(i.ST7735_PlotNextErase) refers to st7735.o(i.ST7735_DrawFastVLine) for ST7735_DrawFastVLine
    st7735.o(i.ST7735_PlotNextErase) refers to st7735.o(.data) for X
    st7735.o(i.ST7735_PlotPoint) refers to st7735.o(i.ST7735_DrawPixel) for ST7735_DrawPixel
    st7735.o(i.ST7735_PlotPoint) refers to st7735.o(.data) for Ymin
    st7735.o(i.ST7735_PlotPoints) refers to st7735.o(i.ST7735_DrawPixel) for ST7735_DrawPixel
    st7735.o(i.ST7735_PlotPoints) refers to st7735.o(.data) for Ymin
    st7735.o(i.ST7735_PlotdBfs) refers to st7735.o(i.ST7735_DrawFastVLine) for ST7735_DrawFastVLine
    st7735.o(i.ST7735_PlotdBfs) refers to st7735.o(.constdata) for dBfs
    st7735.o(i.ST7735_PlotdBfs) refers to st7735.o(.data) for X
    st7735.o(i.ST7735_SetCursor) refers to st7735.o(.data) for StX
    st7735.o(i.ST7735_SetRotation) refers to st7735.o(i.writecommand) for writecommand
    st7735.o(i.ST7735_SetRotation) refers to st7735.o(i.writedata) for writedata
    st7735.o(i.ST7735_SetRotation) refers to st7735.o(i.deselect) for deselect
    st7735.o(i.ST7735_SetRotation) refers to st7735.o(.data) for Rotation
    st7735.o(i.ST7735_SetTextColor) refers to st7735.o(.data) for StTextColor
    st7735.o(i.ST7735_SetX) refers to st7735.o(.data) for X
    st7735.o(i.ST7735_XYplot) refers to st7735.o(i.ST7735_DrawPixel) for ST7735_DrawPixel
    st7735.o(i.ST7735_XYplot) refers to st7735.o(.data) for MaxX
    st7735.o(i.ST7735_XYplotInit) refers to st7735.o(i.ST7735_FillScreen) for ST7735_FillScreen
    st7735.o(i.ST7735_XYplotInit) refers to st7735.o(i.ST7735_DrawString) for ST7735_DrawString
    st7735.o(i.ST7735_XYplotInit) refers to st7735.o(i.ST7735_FillRect) for ST7735_FillRect
    st7735.o(i.ST7735_XYplotInit) refers to st7735.o(.data) for MinX
    st7735.o(i.ST7735_sDecOut2) refers to st7735.o(i.ST7735_OutString) for ST7735_OutString
    st7735.o(i.ST7735_sDecOut2) refers to st7735.o(i.ST7735_OutUDec) for ST7735_OutUDec
    st7735.o(i.ST7735_uBinOut6) refers to st7735.o(i.ST7735_OutString) for ST7735_OutString
    st7735.o(i.ST7735_uBinOut6) refers to st7735.o(i.ST7735_OutUDec) for ST7735_OutUDec
    st7735.o(i.commandList) refers to st7735.o(i.writecommand) for writecommand
    st7735.o(i.commandList) refers to st7735.o(i.writedata) for writedata
    st7735.o(i.commandList) refers to st7735.o(i.Delay1ms) for Delay1ms
    st7735.o(i.commonInit) refers to st7735.o(i.Delay1ms) for Delay1ms
    st7735.o(i.commonInit) refers to st7735.o(i.commandList) for commandList
    st7735.o(i.commonInit) refers to st7735.o(.data) for RowStart
    st7735.o(i.fillmessage) refers to st7735.o(.bss) for Message
    st7735.o(i.fillmessage) refers to st7735.o(.data) for Messageindex
    st7735.o(i.fillmessage4) refers to st7735.o(i.fillmessage) for fillmessage
    st7735.o(i.fillmessage4) refers to st7735.o(.data) for Messageindex
    st7735.o(i.fillmessage4) refers to st7735.o(.bss) for Message
    st7735.o(i.fillmessage5) refers to st7735.o(i.fillmessage) for fillmessage
    st7735.o(i.fillmessage5) refers to st7735.o(.data) for Messageindex
    st7735.o(i.fillmessage5) refers to st7735.o(.bss) for Message
    st7735.o(i.fputc) refers to st7735.o(i.ST7735_OutChar) for ST7735_OutChar
    st7735.o(i.plotLineX) refers to st7735.o(i.ST7735_DrawPixel) for ST7735_DrawPixel
    st7735.o(i.plotLineY) refers to st7735.o(i.ST7735_DrawPixel) for ST7735_DrawPixel
    st7735.o(i.pushColor) refers to st7735.o(i.writedata) for writedata
    st7735.o(i.setAddrWindow) refers to st7735.o(i.writecommand) for writecommand
    st7735.o(i.setAddrWindow) refers to st7735.o(i.writedata) for writedata
    st7735.o(i.setAddrWindow) refers to st7735.o(.data) for ColStart
    lab5.o(i.Play) refers to deqf.o(x$fpl$deqf) for __aeabi_cdcmpeq
    lab5.o(i.Play) refers to dac.o(i.DAC_Out) for DAC_Out
    lab5.o(i.Play) refers to dmul.o(x$fpl$dmul) for __aeabi_dmul
    lab5.o(i.Play) refers to ddiv.o(x$fpl$ddiv) for __aeabi_ddiv
    lab5.o(i.Play) refers to dfixu.o(x$fpl$dfixu) for __aeabi_d2uiz
    lab5.o(i.Play) refers to lab5.o(.data) for trumpet_note_count
    lab5.o(i.Play) refers to lab5.o(.bss) for trumpet
    lab5.o(i.ScopeTask) refers to lab5.o(i.ADC1_InSeq3) for ADC1_InSeq3
    lab5.o(i.Timer0A_Handler) refers to dac.o(i.DAC_Out) for DAC_Out
    lab5.o(i.Timer0A_Handler) refers to lab5.o(.data) for trumpet_wave_count
    lab5.o(i.Timer0A_Init) refers to startup.o(.text) for DisableInterrupts
    lab5.o(i.main) refers to texas.o(i.TExaS_SetTask) for TExaS_SetTask
    lab5.o(i.main) refers to launchpad.o(i.LaunchPad_Init) for LaunchPad_Init
    lab5.o(i.main) refers to lab5.o(i.Port_D_Init) for Port_D_Init
    lab5.o(i.main) refers to switch.o(i.Switch_Init) for Switch_Init
    lab5.o(i.main) refers to lab5.o(i.Timer0A_Init) for Timer0A_Init
    lab5.o(i.main) refers to dac.o(i.DAC_Init) for DAC_Init
    lab5.o(i.main) refers to st7735.o(i.ST7735_InitR) for ST7735_InitR
    lab5.o(i.main) refers to lab5.o(i.ADC1_Init_2) for ADC1_Init_2
    lab5.o(i.main) refers to lab5.o(i.trumpet_init) for trumpet_init
    lab5.o(i.main) refers to dmul.o(x$fpl$dmul) for __aeabi_dmul
    lab5.o(i.main) refers to ddiv.o(x$fpl$ddiv) for __aeabi_ddiv
    lab5.o(i.main) refers to dfixu.o(x$fpl$dfixu) for __aeabi_d2uiz
    lab5.o(i.main) refers to startup.o(.text) for EnableInterrupts
    lab5.o(i.main) refers to switch.o(i.Switch_Data) for Switch_Data
    lab5.o(i.main) refers to switch.o(i.get_Curr_Data) for get_Curr_Data
    lab5.o(i.main) refers to switch.o(i.get_Last_Data) for get_Last_Data
    lab5.o(i.main) refers to lab5.o(i.Play) for Play
    lab5.o(i.main) refers to lab5.o(i.ScopeTask) for ScopeTask
    lab5.o(i.main) refers to lab5.o(.data) for trumpet_note_pos
    lab5.o(i.main) refers to lab5.o(.bss) for trumpet
    lab5.o(i.trumpet_init) refers to rt_memcpy_w.o(.text) for __aeabi_memcpy4
    lab5.o(i.trumpet_init) refers to lab5.o(.constdata) for .constdata
    lab5.o(i.trumpet_init) refers to lab5.o(.bss) for trumpet
    switch.o(i.Switch_Data) refers to switch.o(.data) for curr_data
    switch.o(i.get_Curr_Data) refers to switch.o(.data) for curr_data
    switch.o(i.get_Last_Data) refers to switch.o(.data) for last_data
    __main.o(!!!main) refers to __rtentry.o(.ARM.Collect$$rtentry$$00000000) for __rt_entry
    ddiv.o(x$fpl$drdiv) refers (Special) to usenofp.o(x$fpl$usenofp) for __I$use$fp
    ddiv.o(x$fpl$drdiv) refers to ddiv.o(x$fpl$ddiv) for ddiv_entry
    ddiv.o(x$fpl$ddiv) refers (Special) to usenofp.o(x$fpl$usenofp) for __I$use$fp
    ddiv.o(x$fpl$ddiv) refers to dretinf.o(x$fpl$dretinf) for __fpl_dretinf
    ddiv.o(x$fpl$ddiv) refers to dnaninf.o(x$fpl$dnaninf) for __fpl_dnaninf
    deqf.o(x$fpl$deqf) refers (Special) to usenofp.o(x$fpl$usenofp) for __I$use$fp
    deqf.o(x$fpl$deqf) refers to dnaninf.o(x$fpl$dnaninf) for __fpl_dnaninf
    deqf.o(x$fpl$deqf) refers to dcmpi.o(x$fpl$dcmpinf) for __fpl_dcmp_Inf
    dfixu.o(x$fpl$dfixu) refers (Special) to usenofp.o(x$fpl$usenofp) for __I$use$fp
    dfixu.o(x$fpl$dfixu) refers to dnaninf.o(x$fpl$dnaninf) for __fpl_dnaninf
    dfixu.o(x$fpl$dfixur) refers (Special) to usenofp.o(x$fpl$usenofp) for __I$use$fp
    dfixu.o(x$fpl$dfixur) refers to dnaninf.o(x$fpl$dnaninf) for __fpl_dnaninf
    dmul.o(x$fpl$dmul) refers (Special) to usenofp.o(x$fpl$usenofp) for __I$use$fp
    dmul.o(x$fpl$dmul) refers to dretinf.o(x$fpl$dretinf) for __fpl_dretinf
    dmul.o(x$fpl$dmul) refers to dnaninf.o(x$fpl$dnaninf) for __fpl_dnaninf
    __rtentry.o(.ARM.Collect$$rtentry$$00000000) refers (Special) to __rtentry2.o(.ARM.Collect$$rtentry$$0000000A) for __rt_entry_li
    __rtentry.o(.ARM.Collect$$rtentry$$00000000) refers (Special) to __rtentry2.o(.ARM.Collect$$rtentry$$0000000D) for __rt_entry_main
    __rtentry.o(.ARM.Collect$$rtentry$$00000000) refers (Special) to __rtentry2.o(.ARM.Collect$$rtentry$$0000000C) for __rt_entry_postli_1
    __rtentry.o(.ARM.Collect$$rtentry$$00000000) refers (Special) to __rtentry2.o(.ARM.Collect$$rtentry$$00000009) for __rt_entry_postsh_1
    __rtentry.o(.ARM.Collect$$rtentry$$00000000) refers (Special) to __rtentry2.o(.ARM.Collect$$rtentry$$00000002) for __rt_entry_presh_1
    __rtentry.o(.ARM.Collect$$rtentry$$00000000) refers (Special) to __rtentry4.o(.ARM.Collect$$rtentry$$00000004) for __rt_entry_sh
    dcmpi.o(x$fpl$dcmpinf) refers (Special) to usenofp.o(x$fpl$usenofp) for __I$use$fp
    dnaninf.o(x$fpl$dnaninf) refers (Special) to usenofp.o(x$fpl$usenofp) for __I$use$fp
    dretinf.o(x$fpl$dretinf) refers (Special) to usenofp.o(x$fpl$usenofp) for __I$use$fp
    __rtentry2.o(.ARM.Collect$$rtentry$$00000008) refers to boardinit2.o(.text) for _platform_post_stackheap_init
    __rtentry2.o(.ARM.Collect$$rtentry$$0000000A) refers to libinit.o(.ARM.Collect$$libinit$$00000000) for __rt_lib_init
    __rtentry2.o(.ARM.Collect$$rtentry$$0000000B) refers to boardinit3.o(.text) for _platform_post_lib_init
    __rtentry2.o(.ARM.Collect$$rtentry$$0000000D) refers to lab5.o(i.main) for main
    __rtentry2.o(.ARM.Collect$$rtentry$$0000000D) refers to exit.o(.text) for exit
    __rtentry2.o(.ARM.exidx) refers to __rtentry2.o(.ARM.Collect$$rtentry$$00000001) for .ARM.Collect$$rtentry$$00000001
    __rtentry2.o(.ARM.exidx) refers to __rtentry2.o(.ARM.Collect$$rtentry$$00000008) for .ARM.Collect$$rtentry$$00000008
    __rtentry2.o(.ARM.exidx) refers to __rtentry2.o(.ARM.Collect$$rtentry$$0000000A) for .ARM.Collect$$rtentry$$0000000A
    __rtentry2.o(.ARM.exidx) refers to __rtentry2.o(.ARM.Collect$$rtentry$$0000000B) for .ARM.Collect$$rtentry$$0000000B
    __rtentry2.o(.ARM.exidx) refers to __rtentry2.o(.ARM.Collect$$rtentry$$0000000D) for .ARM.Collect$$rtentry$$0000000D
    __rtentry4.o(.ARM.Collect$$rtentry$$00000004) refers to sys_stackheap_outer.o(.text) for __user_setup_stackheap
    __rtentry4.o(.ARM.exidx) refers to __rtentry4.o(.ARM.Collect$$rtentry$$00000004) for .ARM.Collect$$rtentry$$00000004
    sys_stackheap_outer.o(.text) refers to libspace.o(.text) for __user_perproc_libspace
    sys_stackheap_outer.o(.text) refers to startup.o(.text) for __user_initial_stackheap
    exit.o(.text) refers to rtexit.o(.ARM.Collect$$rtexit$$00000000) for __rt_exit
    libinit.o(.ARM.Collect$$libinit$$00000000) refers (Special) to libinit2.o(.ARM.Collect$$libinit$$0000002E) for __rt_lib_init_alloca_1
    libinit.o(.ARM.Collect$$libinit$$00000000) refers (Special) to libinit2.o(.ARM.Collect$$libinit$$0000002C) for __rt_lib_init_argv_1
    libinit.o(.ARM.Collect$$libinit$$00000000) refers (Special) to libinit2.o(.ARM.Collect$$libinit$$0000001B) for __rt_lib_init_atexit_1
    libinit.o(.ARM.Collect$$libinit$$00000000) refers (Special) to libinit2.o(.ARM.Collect$$libinit$$00000021) for __rt_lib_init_clock_1
    libinit.o(.ARM.Collect$$libinit$$00000000) refers (Special) to libinit2.o(.ARM.Collect$$libinit$$00000032) for __rt_lib_init_cpp_1
    libinit.o(.ARM.Collect$$libinit$$00000000) refers (Special) to libinit2.o(.ARM.Collect$$libinit$$00000030) for __rt_lib_init_exceptions_1
    libinit.o(.ARM.Collect$$libinit$$00000000) refers (Special) to libinit2.o(.ARM.Collect$$libinit$$00000002) for __rt_lib_init_fp_1
    libinit.o(.ARM.Collect$$libinit$$00000000) refers (Special) to libinit2.o(.ARM.Collect$$libinit$$0000001F) for __rt_lib_init_fp_trap_1
    libinit.o(.ARM.Collect$$libinit$$00000000) refers (Special) to libinit2.o(.ARM.Collect$$libinit$$00000023) for __rt_lib_init_getenv_1
    libinit.o(.ARM.Collect$$libinit$$00000000) refers (Special) to libinit2.o(.ARM.Collect$$libinit$$0000000A) for __rt_lib_init_heap_1
    libinit.o(.ARM.Collect$$libinit$$00000000) refers (Special) to libinit2.o(.ARM.Collect$$libinit$$00000011) for __rt_lib_init_lc_collate_1
    libinit.o(.ARM.Collect$$libinit$$00000000) refers (Special) to libinit2.o(.ARM.Collect$$libinit$$00000013) for __rt_lib_init_lc_ctype_1
    libinit.o(.ARM.Collect$$libinit$$00000000) refers (Special) to libinit2.o(.ARM.Collect$$libinit$$00000015) for __rt_lib_init_lc_monetary_1
    libinit.o(.ARM.Collect$$libinit$$00000000) refers (Special) to libinit2.o(.ARM.Collect$$libinit$$00000017) for __rt_lib_init_lc_numeric_1
    libinit.o(.ARM.Collect$$libinit$$00000000) refers (Special) to libinit2.o(.ARM.Collect$$libinit$$00000019) for __rt_lib_init_lc_time_1
    libinit.o(.ARM.Collect$$libinit$$00000000) refers (Special) to libinit2.o(.ARM.Collect$$libinit$$00000004) for __rt_lib_init_preinit_1
    libinit.o(.ARM.Collect$$libinit$$00000000) refers (Special) to libinit2.o(.ARM.Collect$$libinit$$0000000E) for __rt_lib_init_rand_1
    libinit.o(.ARM.Collect$$libinit$$00000000) refers (Special) to libinit2.o(.ARM.Collect$$libinit$$00000033) for __rt_lib_init_return
    libinit.o(.ARM.Collect$$libinit$$00000000) refers (Special) to libinit2.o(.ARM.Collect$$libinit$$0000001D) for __rt_lib_init_signal_1
    libinit.o(.ARM.Collect$$libinit$$00000000) refers (Special) to libinit2.o(.ARM.Collect$$libinit$$00000025) for __rt_lib_init_stdio_1
    libinit.o(.ARM.Collect$$libinit$$00000000) refers (Special) to libinit2.o(.ARM.Collect$$libinit$$0000000C) for __rt_lib_init_user_alloc_1
    libspace.o(.text) refers to libspace.o(.bss) for __libspace_start
    rtexit.o(.ARM.Collect$$rtexit$$00000000) refers (Special) to rtexit2.o(.ARM.Collect$$rtexit$$00000004) for __rt_exit_exit
    rtexit.o(.ARM.Collect$$rtexit$$00000000) refers (Special) to rtexit2.o(.ARM.Collect$$rtexit$$00000003) for __rt_exit_ls
    rtexit.o(.ARM.Collect$$rtexit$$00000000) refers (Special) to rtexit2.o(.ARM.Collect$$rtexit$$00000002) for __rt_exit_prels_1
    rtexit.o(.ARM.exidx) refers (Special) to rtexit2.o(.ARM.Collect$$rtexit$$00000004) for __rt_exit_exit
    rtexit.o(.ARM.exidx) refers (Special) to rtexit2.o(.ARM.Collect$$rtexit$$00000003) for __rt_exit_ls
    rtexit.o(.ARM.exidx) refers (Special) to rtexit2.o(.ARM.Collect$$rtexit$$00000002) for __rt_exit_prels_1
    rtexit.o(.ARM.exidx) refers to rtexit.o(.ARM.Collect$$rtexit$$00000000) for .ARM.Collect$$rtexit$$00000000
    libinit2.o(.ARM.Collect$$libinit$$00000010) refers to libinit2.o(.ARM.Collect$$libinit$$0000000F) for .ARM.Collect$$libinit$$0000000F
    libinit2.o(.ARM.Collect$$libinit$$00000012) refers to libinit2.o(.ARM.Collect$$libinit$$0000000F) for .ARM.Collect$$libinit$$0000000F
    libinit2.o(.ARM.Collect$$libinit$$00000014) refers to libinit2.o(.ARM.Collect$$libinit$$0000000F) for .ARM.Collect$$libinit$$0000000F
    libinit2.o(.ARM.Collect$$libinit$$00000016) refers to libinit2.o(.ARM.Collect$$libinit$$0000000F) for .ARM.Collect$$libinit$$0000000F
    libinit2.o(.ARM.Collect$$libinit$$00000018) refers to libinit2.o(.ARM.Collect$$libinit$$0000000F) for .ARM.Collect$$libinit$$0000000F
    libinit2.o(.ARM.Collect$$libinit$$00000026) refers to argv_veneer.o(.emb_text) for __ARM_argv_veneer
    libinit2.o(.ARM.Collect$$libinit$$00000027) refers to argv_veneer.o(.emb_text) for __ARM_argv_veneer
    rtexit2.o(.ARM.Collect$$rtexit$$00000003) refers to libshutdown.o(.ARM.Collect$$libshutdown$$00000000) for __rt_lib_shutdown
    rtexit2.o(.ARM.Collect$$rtexit$$00000004) refers to sys_exit.o(.text) for _sys_exit
    rtexit2.o(.ARM.exidx) refers to rtexit2.o(.ARM.Collect$$rtexit$$00000001) for .ARM.Collect$$rtexit$$00000001
    rtexit2.o(.ARM.exidx) refers to rtexit2.o(.ARM.Collect$$rtexit$$00000003) for .ARM.Collect$$rtexit$$00000003
    rtexit2.o(.ARM.exidx) refers to rtexit2.o(.ARM.Collect$$rtexit$$00000004) for .ARM.Collect$$rtexit$$00000004
    argv_veneer.o(.emb_text) refers to no_argv.o(.text) for __ARM_get_argv
    sys_exit.o(.text) refers (Special) to use_no_semi.o(.text) for __I$use$semihosting
    sys_exit.o(.text) refers (Special) to indicate_semi.o(.text) for __semihosting_library_function
    _get_argv_nomalloc.o(.text) refers (Special) to hrguard.o(.text) for __heap_region$guard
    _get_argv_nomalloc.o(.text) refers to defsig_rtmem_outer.o(.text) for __rt_SIGRTMEM
    _get_argv_nomalloc.o(.text) refers to sys_command.o(.text) for _sys_command_string
    libshutdown.o(.ARM.Collect$$libshutdown$$00000000) refers (Special) to libshutdown2.o(.ARM.Collect$$libshutdown$$00000004) for __rt_lib_shutdown_cpp_1
    libshutdown.o(.ARM.Collect$$libshutdown$$00000000) refers (Special) to libshutdown2.o(.ARM.Collect$$libshutdown$$00000002) for __rt_lib_shutdown_fini_1
    libshutdown.o(.ARM.Collect$$libshutdown$$00000000) refers (Special) to libshutdown2.o(.ARM.Collect$$libshutdown$$00000009) for __rt_lib_shutdown_fp_trap_1
    libshutdown.o(.ARM.Collect$$libshutdown$$00000000) refers (Special) to libshutdown2.o(.ARM.Collect$$libshutdown$$00000011) for __rt_lib_shutdown_heap_1
    libshutdown.o(.ARM.Collect$$libshutdown$$00000000) refers (Special) to libshutdown2.o(.ARM.Collect$$libshutdown$$00000012) for __rt_lib_shutdown_return
    libshutdown.o(.ARM.Collect$$libshutdown$$00000000) refers (Special) to libshutdown2.o(.ARM.Collect$$libshutdown$$0000000C) for __rt_lib_shutdown_signal_1
    libshutdown.o(.ARM.Collect$$libshutdown$$00000000) refers (Special) to libshutdown2.o(.ARM.Collect$$libshutdown$$00000006) for __rt_lib_shutdown_stdio_1
    libshutdown.o(.ARM.Collect$$libshutdown$$00000000) refers (Special) to libshutdown2.o(.ARM.Collect$$libshutdown$$0000000E) for __rt_lib_shutdown_user_alloc_1
    sys_command.o(.text) refers (Special) to use_no_semi.o(.text) for __I$use$semihosting
    sys_command.o(.text) refers (Special) to indicate_semi.o(.text) for __semihosting_library_function
    defsig_rtmem_outer.o(.text) refers to defsig_rtmem_inner.o(.text) for __rt_SIGRTMEM_inner
    defsig_rtmem_outer.o(.text) refers to defsig_exit.o(.text) for __sig_exit
    defsig_rtmem_formal.o(.text) refers to rt_raise.o(.text) for __rt_raise
    rt_raise.o(.text) refers to __raise.o(.text) for __raise
    rt_raise.o(.text) refers to sys_exit.o(.text) for _sys_exit
    defsig_exit.o(.text) refers to sys_exit.o(.text) for _sys_exit
    defsig_rtmem_inner.o(.text) refers to defsig_general.o(.text) for __default_signal_display
    __raise.o(.text) refers to defsig.o(CL$$defsig) for __default_signal_handler
    defsig_general.o(.text) refers to sys_wrch.o(.text) for _ttywrch
    sys_wrch.o(.text) refers (Special) to use_no_semi.o(.text) for __I$use$semihosting
    sys_wrch.o(.text) refers (Special) to indicate_semi.o(.text) for __semihosting_library_function
    defsig.o(CL$$defsig) refers to defsig_rtmem_inner.o(.text) for __rt_SIGRTMEM_inner
    defsig_abrt_inner.o(.text) refers to defsig_general.o(.text) for __default_signal_display
    defsig_fpe_inner.o(.text) refers to defsig_general.o(.text) for __default_signal_display
    defsig_rtred_inner.o(.text) refers to defsig_general.o(.text) for __default_signal_display
    defsig_stak_inner.o(.text) refers to defsig_general.o(.text) for __default_signal_display
    defsig_pvfn_inner.o(.text) refers to defsig_general.o(.text) for __default_signal_display
    defsig_cppl_inner.o(.text) refers to defsig_general.o(.text) for __default_signal_display
    defsig_segv_inner.o(.text) refers to defsig_general.o(.text) for __default_signal_display
    defsig_other.o(.text) refers to defsig_general.o(.text) for __default_signal_display


==============================================================================

Removing Unused input sections from the image.

    Removing adcswtrigger.o(i.ADC0_InSeq2), (80 bytes).
    Removing adcswtrigger.o(i.ADC0_InSeq3), (44 bytes).
    Removing adcswtrigger.o(i.ADC0_InSeq3_InternalTemperature), (64 bytes).
    Removing adcswtrigger.o(i.ADC0_InitSWTriggerSeq2), (224 bytes).
    Removing adcswtrigger.o(i.ADC0_InitSWTriggerSeq3), (1028 bytes).
    Removing adcswtrigger.o(i.ADC0_InitSWTriggerSeq3_Ch7), (248 bytes).
    Removing adcswtrigger.o(i.ADC0_InitSWTriggerSeq3_Ch9), (248 bytes).
    Removing adcswtrigger.o(i.ADC0_InitSWTriggerSeq3_InternalTemperature), (128 bytes).
    Removing adcswtrigger.o(i.ADC_In3210), (80 bytes).
    Removing adcswtrigger.o(i.ADC_In89), (56 bytes).
    Removing adcswtrigger.o(i.ADC_Init3210), (248 bytes).
    Removing adcswtrigger.o(i.ADC_Init89), (220 bytes).
    Removing adcswtrigger.o(.data), (4 bytes).
    Removing launchpad.o(i.DelayMs), (32 bytes).
    Removing launchpad.o(i.LaunchPad_Input), (24 bytes).
    Removing launchpad.o(i.LaunchPad_Output), (12 bytes).
    Removing launchpad.o(i.LaunchPad_WaitForRelease), (56 bytes).
    Removing launchpad.o(i.LaunchPad_WaitForTouch), (32 bytes).
    Removing texas.o(i.ADC1_Init_PB5), (200 bytes).
    Removing texas.o(i.ADC1_Init_PD2), (200 bytes).
    Removing texas.o(i.ADC1_Init_PE2), (200 bytes).
    Removing texas.o(i.LogicAnalyzer), (20 bytes).
    Removing texas.o(i.PeriodicTask2_Stop), (36 bytes).
    Removing texas.o(i.Scope), (20 bytes).
    Removing texas.o(i.TExaS_Clear0), (20 bytes).
    Removing texas.o(i.TExaS_Clear1), (20 bytes).
    Removing texas.o(i.TExaS_Clear2), (20 bytes).
    Removing texas.o(i.TExaS_Clear3), (20 bytes).
    Removing texas.o(i.TExaS_Clear4), (2 bytes).
    Removing texas.o(i.TExaS_Clear5), (20 bytes).
    Removing texas.o(i.TExaS_Clear6), (20 bytes).
    Removing texas.o(i.TExaS_Init), (148 bytes).
    Removing texas.o(i.TExaS_Set0), (20 bytes).
    Removing texas.o(i.TExaS_Set1), (20 bytes).
    Removing texas.o(i.TExaS_Set2), (20 bytes).
    Removing texas.o(i.TExaS_Set3), (20 bytes).
    Removing texas.o(i.TExaS_Set4), (2 bytes).
    Removing texas.o(i.TExaS_Set5), (20 bytes).
    Removing texas.o(i.TExaS_Set6), (20 bytes).
    Removing texas.o(i.TExaS_Stop), (8 bytes).
    Removing texas.o(i.TExaS_Task0), (20 bytes).
    Removing texas.o(i.TExaS_Task1), (20 bytes).
    Removing texas.o(i.TExaS_Task2), (20 bytes).
    Removing texas.o(i.TExaS_Task3), (20 bytes).
    Removing texas.o(i.TExaS_Task4), (2 bytes).
    Removing texas.o(i.TExaS_Task5), (20 bytes).
    Removing texas.o(i.TExaS_Task6), (20 bytes).
    Removing texas.o(i.UART_InChar), (28 bytes).
    Removing texas.o(i.UART_OutChar), (24 bytes).
    Removing st7735.o(i.Output_Clear), (10 bytes).
    Removing st7735.o(i.Output_Color), (12 bytes).
    Removing st7735.o(i.Output_Init), (16 bytes).
    Removing st7735.o(i.Output_Off), (8 bytes).
    Removing st7735.o(i.Output_On), (8 bytes).
    Removing st7735.o(i.ST7735_Color565), (24 bytes).
    Removing st7735.o(i.ST7735_DrawBitmap), (292 bytes).
    Removing st7735.o(i.ST7735_DrawChar), (276 bytes).
    Removing st7735.o(i.ST7735_DrawCharS), (248 bytes).
    Removing st7735.o(i.ST7735_DrawCircle), (172 bytes).
    Removing st7735.o(i.ST7735_DrawFastHLine), (128 bytes).
    Removing st7735.o(i.ST7735_DrawFastVLine), (128 bytes).
    Removing st7735.o(i.ST7735_DrawPixel), (76 bytes).
    Removing st7735.o(i.ST7735_DrawSmallCircle), (172 bytes).
    Removing st7735.o(i.ST7735_DrawString), (86 bytes).
    Removing st7735.o(i.ST7735_InitB), (40 bytes).
    Removing st7735.o(i.ST7735_InvertDisplay), (26 bytes).
    Removing st7735.o(i.ST7735_Line), (126 bytes).
    Removing st7735.o(i.ST7735_OutChar), (212 bytes).
    Removing st7735.o(i.ST7735_OutString), (24 bytes).
    Removing st7735.o(i.ST7735_OutUDec), (140 bytes).
    Removing st7735.o(i.ST7735_OutUDec4), (140 bytes).
    Removing st7735.o(i.ST7735_OutUDec5), (140 bytes).
    Removing st7735.o(i.ST7735_PlotBar), (88 bytes).
    Removing st7735.o(i.ST7735_PlotClear), (92 bytes).
    Removing st7735.o(i.ST7735_PlotLine), (264 bytes).
    Removing st7735.o(i.ST7735_PlotNext), (32 bytes).
    Removing st7735.o(i.ST7735_PlotNextErase), (64 bytes).
    Removing st7735.o(i.ST7735_PlotPoint), (152 bytes).
    Removing st7735.o(i.ST7735_PlotPoints), (172 bytes).
    Removing st7735.o(i.ST7735_PlotdBfs), (60 bytes).
    Removing st7735.o(i.ST7735_SetRotation), (216 bytes).
    Removing st7735.o(i.ST7735_SetTextColor), (12 bytes).
    Removing st7735.o(i.ST7735_SetX), (36 bytes).
    Removing st7735.o(i.ST7735_SwapColor), (18 bytes).
    Removing st7735.o(i.ST7735_XYplot), (184 bytes).
    Removing st7735.o(i.ST7735_XYplotInit), (92 bytes).
    Removing st7735.o(i.ST7735_sDecOut2), (304 bytes).
    Removing st7735.o(i.ST7735_uBinOut6), (228 bytes).
    Removing st7735.o(i.ferror), (8 bytes).
    Removing st7735.o(i.fgetc), (6 bytes).
    Removing st7735.o(i.fillmessage), (72 bytes).
    Removing st7735.o(i.fillmessage4), (100 bytes).
    Removing st7735.o(i.fillmessage5), (128 bytes).
    Removing st7735.o(i.fputc), (16 bytes).
    Removing st7735.o(i.plotLineX), (166 bytes).
    Removing st7735.o(i.plotLineY), (164 bytes).
    Removing st7735.o(i.pushColor), (18 bytes).
    Removing st7735.o(.bss), (12 bytes).
    Removing lab5.o(i.LogicAnalyzerTask), (24 bytes).
    Removing lab5.o(i.Timer2A_Init), (88 bytes).
    Removing lab5.o(i.apply_volume), (46 bytes).

101 unused section(s) (total 9444 bytes) removed from the image.

==============================================================================

Image Symbol Table

    Local Symbols

    Symbol Name                              Value     Ov Type        Size  Object(Section)

    RESET                                    0x00000000   Section      644  startup.o(RESET)
    ../clib/angel/boardlib.s                 0x00000000   Number         0  boardinit3.o ABSOLUTE
    ../clib/angel/boardlib.s                 0x00000000   Number         0  boardshut.o ABSOLUTE
    ../clib/angel/boardlib.s                 0x00000000   Number         0  boardinit2.o ABSOLUTE
    ../clib/angel/boardlib.s                 0x00000000   Number         0  boardinit1.o ABSOLUTE
    ../clib/angel/dczerorl2.s                0x00000000   Number         0  __dczerorl2.o ABSOLUTE
    ../clib/angel/handlers.s                 0x00000000   Number         0  __scatter_zi.o ABSOLUTE
    ../clib/angel/kernel.s                   0x00000000   Number         0  rtexit2.o ABSOLUTE
    ../clib/angel/kernel.s                   0x00000000   Number         0  rtexit.o ABSOLUTE
    ../clib/angel/kernel.s                   0x00000000   Number         0  __rtentry.o ABSOLUTE
    ../clib/angel/kernel.s                   0x00000000   Number         0  __rtentry4.o ABSOLUTE
    ../clib/angel/kernel.s                   0x00000000   Number         0  __rtentry2.o ABSOLUTE
    ../clib/angel/rt.s                       0x00000000   Number         0  rt_raise.o ABSOLUTE
    ../clib/angel/scatter.s                  0x00000000   Number         0  __scatter.o ABSOLUTE
    ../clib/angel/startup.s                  0x00000000   Number         0  __main.o ABSOLUTE
    ../clib/angel/sys.s                      0x00000000   Number         0  use_no_semi.o ABSOLUTE
    ../clib/angel/sys.s                      0x00000000   Number         0  indicate_semi.o ABSOLUTE
    ../clib/angel/sys.s                      0x00000000   Number         0  libspace.o ABSOLUTE
    ../clib/angel/sys.s                      0x00000000   Number         0  sys_stackheap_outer.o ABSOLUTE
    ../clib/angel/sysapp.c                   0x00000000   Number         0  sys_exit.o ABSOLUTE
    ../clib/angel/sysapp.c                   0x00000000   Number         0  sys_command.o ABSOLUTE
    ../clib/angel/sysapp.c                   0x00000000   Number         0  sys_wrch.o ABSOLUTE
    ../clib/armsys.c                         0x00000000   Number         0  argv_veneer.o ABSOLUTE
    ../clib/armsys.c                         0x00000000   Number         0  argv_veneer.o ABSOLUTE
    ../clib/armsys.c                         0x00000000   Number         0  _get_argv_nomalloc.o ABSOLUTE
    ../clib/armsys.c                         0x00000000   Number         0  no_argv.o ABSOLUTE
    ../clib/heapalloc.c                      0x00000000   Number         0  hrguard.o ABSOLUTE
    ../clib/heapaux.c                        0x00000000   Number         0  heapauxi.o ABSOLUTE
    ../clib/libinit.s                        0x00000000   Number         0  libshutdown2.o ABSOLUTE
    ../clib/libinit.s                        0x00000000   Number         0  libshutdown.o ABSOLUTE
    ../clib/libinit.s                        0x00000000   Number         0  libinit2.o ABSOLUTE
    ../clib/libinit.s                        0x00000000   Number         0  libinit.o ABSOLUTE
    ../clib/memcpset.s                       0x00000000   Number         0  rt_memcpy_w.o ABSOLUTE
    ../clib/signal.c                         0x00000000   Number         0  defsig_exit.o ABSOLUTE
    ../clib/signal.c                         0x00000000   Number         0  defsig_fpe_inner.o ABSOLUTE
    ../clib/signal.c                         0x00000000   Number         0  defsig_rtred_inner.o ABSOLUTE
    ../clib/signal.c                         0x00000000   Number         0  defsig_rtmem_outer.o ABSOLUTE
    ../clib/signal.c                         0x00000000   Number         0  defsig_pvfn_inner.o ABSOLUTE
    ../clib/signal.c                         0x00000000   Number         0  defsig_other.o ABSOLUTE
    ../clib/signal.c                         0x00000000   Number         0  defsig_cppl_inner.o ABSOLUTE
    ../clib/signal.c                         0x00000000   Number         0  defsig_segv_inner.o ABSOLUTE
    ../clib/signal.c                         0x00000000   Number         0  defsig_stak_inner.o ABSOLUTE
    ../clib/signal.c                         0x00000000   Number         0  defsig_rtmem_inner.o ABSOLUTE
    ../clib/signal.c                         0x00000000   Number         0  __raise.o ABSOLUTE
    ../clib/signal.c                         0x00000000   Number         0  defsig_general.o ABSOLUTE
    ../clib/signal.c                         0x00000000   Number         0  defsig_rtmem_formal.o ABSOLUTE
    ../clib/signal.c                         0x00000000   Number         0  defsig_abrt_inner.o ABSOLUTE
    ../clib/signal.s                         0x00000000   Number         0  defsig.o ABSOLUTE
    ../clib/stdlib.c                         0x00000000   Number         0  exit.o ABSOLUTE
    ../fplib/dcmpi.s                         0x00000000   Number         0  dcmpi.o ABSOLUTE
    ../fplib/ddiv.s                          0x00000000   Number         0  ddiv.o ABSOLUTE
    ../fplib/deqf.s                          0x00000000   Number         0  deqf.o ABSOLUTE
    ../fplib/dfixu.s                         0x00000000   Number         0  dfixu.o ABSOLUTE
    ../fplib/dmul.s                          0x00000000   Number         0  dmul.o ABSOLUTE
    ../fplib/dnaninf.s                       0x00000000   Number         0  dnaninf.o ABSOLUTE
    ../fplib/dretinf.s                       0x00000000   Number         0  dretinf.o ABSOLUTE
    ../fplib/fpinit.s                        0x00000000   Number         0  fpinit.o ABSOLUTE
    ../fplib/usenofp.s                       0x00000000   Number         0  usenofp.o ABSOLUTE
    ..\inc\ADCSWTrigger.c                    0x00000000   Number         0  adcswtrigger.o ABSOLUTE
    ..\inc\LaunchPad.c                       0x00000000   Number         0  launchpad.o ABSOLUTE
    ..\inc\PLL.c                             0x00000000   Number         0  pll.o ABSOLUTE
    ..\inc\ST7735.c                          0x00000000   Number         0  st7735.o ABSOLUTE
    ..\inc\Texas.c                           0x00000000   Number         0  texas.o ABSOLUTE
    DAC.c                                    0x00000000   Number         0  dac.o ABSOLUTE
    Lab5.c                                   0x00000000   Number         0  lab5.o ABSOLUTE
    Switch.c                                 0x00000000   Number         0  switch.o ABSOLUTE
    dc.s                                     0x00000000   Number         0  dc.o ABSOLUTE
    startup.s                                0x00000000   Number         0  startup.o ABSOLUTE
    !!!main                                  0x00000284   Section        8  __main.o(!!!main)
    !!!scatter                               0x0000028c   Section       52  __scatter.o(!!!scatter)
    !!dczerorl2                              0x000002c0   Section       90  __dczerorl2.o(!!dczerorl2)
    !!handler_zi                             0x0000031c   Section       28  __scatter_zi.o(!!handler_zi)
    .ARM.Collect$$libinit$$00000000          0x00000338   Section        2  libinit.o(.ARM.Collect$$libinit$$00000000)
    .ARM.Collect$$libinit$$00000002          0x0000033a   Section        0  libinit2.o(.ARM.Collect$$libinit$$00000002)
    .ARM.Collect$$libinit$$00000004          0x0000033a   Section        0  libinit2.o(.ARM.Collect$$libinit$$00000004)
    .ARM.Collect$$libinit$$0000000A          0x0000033a   Section        0  libinit2.o(.ARM.Collect$$libinit$$0000000A)
    .ARM.Collect$$libinit$$0000000C          0x0000033a   Section        0  libinit2.o(.ARM.Collect$$libinit$$0000000C)
    .ARM.Collect$$libinit$$0000000E          0x0000033a   Section        0  libinit2.o(.ARM.Collect$$libinit$$0000000E)
    .ARM.Collect$$libinit$$00000011          0x0000033a   Section        0  libinit2.o(.ARM.Collect$$libinit$$00000011)
    .ARM.Collect$$libinit$$00000013          0x0000033a   Section        0  libinit2.o(.ARM.Collect$$libinit$$00000013)
    .ARM.Collect$$libinit$$00000015          0x0000033a   Section        0  libinit2.o(.ARM.Collect$$libinit$$00000015)
    .ARM.Collect$$libinit$$00000017          0x0000033a   Section        0  libinit2.o(.ARM.Collect$$libinit$$00000017)
    .ARM.Collect$$libinit$$00000019          0x0000033a   Section        0  libinit2.o(.ARM.Collect$$libinit$$00000019)
    .ARM.Collect$$libinit$$0000001B          0x0000033a   Section        0  libinit2.o(.ARM.Collect$$libinit$$0000001B)
    .ARM.Collect$$libinit$$0000001D          0x0000033a   Section        0  libinit2.o(.ARM.Collect$$libinit$$0000001D)
    .ARM.Collect$$libinit$$0000001F          0x0000033a   Section        0  libinit2.o(.ARM.Collect$$libinit$$0000001F)
    .ARM.Collect$$libinit$$00000021          0x0000033a   Section        0  libinit2.o(.ARM.Collect$$libinit$$00000021)
    .ARM.Collect$$libinit$$00000023          0x0000033a   Section        0  libinit2.o(.ARM.Collect$$libinit$$00000023)
    .ARM.Collect$$libinit$$00000025          0x0000033a   Section        0  libinit2.o(.ARM.Collect$$libinit$$00000025)
    .ARM.Collect$$libinit$$0000002C          0x0000033a   Section        0  libinit2.o(.ARM.Collect$$libinit$$0000002C)
    .ARM.Collect$$libinit$$0000002E          0x0000033a   Section        0  libinit2.o(.ARM.Collect$$libinit$$0000002E)
    .ARM.Collect$$libinit$$00000030          0x0000033a   Section        0  libinit2.o(.ARM.Collect$$libinit$$00000030)
    .ARM.Collect$$libinit$$00000032          0x0000033a   Section        0  libinit2.o(.ARM.Collect$$libinit$$00000032)
    .ARM.Collect$$libinit$$00000033          0x0000033a   Section        2  libinit2.o(.ARM.Collect$$libinit$$00000033)
    .ARM.Collect$$libshutdown$$00000000      0x0000033c   Section        2  libshutdown.o(.ARM.Collect$$libshutdown$$00000000)
    .ARM.Collect$$libshutdown$$00000002      0x0000033e   Section        0  libshutdown2.o(.ARM.Collect$$libshutdown$$00000002)
    .ARM.Collect$$libshutdown$$00000004      0x0000033e   Section        0  libshutdown2.o(.ARM.Collect$$libshutdown$$00000004)
    .ARM.Collect$$libshutdown$$00000006      0x0000033e   Section        0  libshutdown2.o(.ARM.Collect$$libshutdown$$00000006)
    .ARM.Collect$$libshutdown$$00000009      0x0000033e   Section        0  libshutdown2.o(.ARM.Collect$$libshutdown$$00000009)
    .ARM.Collect$$libshutdown$$0000000C      0x0000033e   Section        0  libshutdown2.o(.ARM.Collect$$libshutdown$$0000000C)
    .ARM.Collect$$libshutdown$$0000000E      0x0000033e   Section        0  libshutdown2.o(.ARM.Collect$$libshutdown$$0000000E)
    .ARM.Collect$$libshutdown$$00000011      0x0000033e   Section        0  libshutdown2.o(.ARM.Collect$$libshutdown$$00000011)
    .ARM.Collect$$libshutdown$$00000012      0x0000033e   Section        2  libshutdown2.o(.ARM.Collect$$libshutdown$$00000012)
    .ARM.Collect$$rtentry$$00000000          0x00000340   Section        0  __rtentry.o(.ARM.Collect$$rtentry$$00000000)
    .ARM.Collect$$rtentry$$00000002          0x00000340   Section        0  __rtentry2.o(.ARM.Collect$$rtentry$$00000002)
    .ARM.Collect$$rtentry$$00000004          0x00000340   Section        6  __rtentry4.o(.ARM.Collect$$rtentry$$00000004)
    .ARM.Collect$$rtentry$$00000009          0x00000346   Section        0  __rtentry2.o(.ARM.Collect$$rtentry$$00000009)
    .ARM.Collect$$rtentry$$0000000A          0x00000346   Section        4  __rtentry2.o(.ARM.Collect$$rtentry$$0000000A)
    .ARM.Collect$$rtentry$$0000000C          0x0000034a   Section        0  __rtentry2.o(.ARM.Collect$$rtentry$$0000000C)
    .ARM.Collect$$rtentry$$0000000D          0x0000034a   Section        8  __rtentry2.o(.ARM.Collect$$rtentry$$0000000D)
    .ARM.Collect$$rtexit$$00000000           0x00000352   Section        2  rtexit.o(.ARM.Collect$$rtexit$$00000000)
    .ARM.Collect$$rtexit$$00000002           0x00000354   Section        0  rtexit2.o(.ARM.Collect$$rtexit$$00000002)
    .ARM.Collect$$rtexit$$00000003           0x00000354   Section        4  rtexit2.o(.ARM.Collect$$rtexit$$00000003)
    .ARM.Collect$$rtexit$$00000004           0x00000358   Section        6  rtexit2.o(.ARM.Collect$$rtexit$$00000004)
    .text                                    0x00000360   Section       48  startup.o(.text)
    .text                                    0x00000390   Section      100  rt_memcpy_w.o(.text)
    .text                                    0x000003f4   Section        0  heapauxi.o(.text)
    .text                                    0x000003fa   Section       74  sys_stackheap_outer.o(.text)
    .text                                    0x00000444   Section        0  exit.o(.text)
    .text                                    0x00000458   Section        8  libspace.o(.text)
    .text                                    0x00000460   Section        0  sys_exit.o(.text)
    .text                                    0x0000046c   Section        2  use_no_semi.o(.text)
    .text                                    0x0000046e   Section        0  indicate_semi.o(.text)
    i.ADC1_InSeq3                            0x00000470   Section        0  lab5.o(i.ADC1_InSeq3)
    i.ADC1_Init                              0x0000049c   Section        0  texas.o(i.ADC1_Init)
    i.ADC1_Init_2                            0x00000564   Section        0  lab5.o(i.ADC1_Init_2)
    i.DAC_Init                               0x00000608   Section        0  dac.o(i.DAC_Init)
    i.DAC_Out                                0x00000664   Section        0  dac.o(i.DAC_Out)
    i.Delay1ms                               0x0000068c   Section        0  st7735.o(i.Delay1ms)
    i.LaunchPad_Init                         0x000006ac   Section        0  launchpad.o(i.LaunchPad_Init)
    i.PLL_Init                               0x00000708   Section        0  pll.o(i.PLL_Init)
    i.PeriodicTask2_Init                     0x00000784   Section        0  texas.o(i.PeriodicTask2_Init)
    i.Play                                   0x0000083c   Section        0  lab5.o(i.Play)
    i.Port_D_Init                            0x00000974   Section        0  lab5.o(i.Port_D_Init)
    i.ST7735_FillRect                        0x00000a6c   Section        0  st7735.o(i.ST7735_FillRect)
    i.ST7735_FillScreen                      0x00000b1c   Section        0  st7735.o(i.ST7735_FillScreen)
    i.ST7735_InitR                           0x00000b40   Section        0  st7735.o(i.ST7735_InitR)
    i.ST7735_SetCursor                       0x00000bbc   Section        0  st7735.o(i.ST7735_SetCursor)
    i.ScopeTask                              0x00000bdc   Section        0  lab5.o(i.ScopeTask)
    i.Switch_Data                            0x00000bf0   Section        0  switch.o(i.Switch_Data)
    i.Switch_Init                            0x00000c14   Section        0  switch.o(i.Switch_Init)
    i.TExaS_SetTask                          0x00000c8c   Section        0  texas.o(i.TExaS_SetTask)
    i.Timer0A_Handler                        0x00000cb8   Section        0  lab5.o(i.Timer0A_Handler)
    i.Timer0A_Init                           0x00000d20   Section        0  lab5.o(i.Timer0A_Init)
    i.Timer2A_Handler                        0x00000d94   Section        0  lab5.o(i.Timer2A_Handler)
    i.Timer5A_Handler                        0x00000db0   Section        0  texas.o(i.Timer5A_Handler)
    i.UART_Init                              0x00000dc8   Section        0  texas.o(i.UART_Init)
    i.commandList                            0x00000e64   Section        0  st7735.o(i.commandList)
    commandList                              0x00000e65   Thumb Code    86  st7735.o(i.commandList)
    i.commonInit                             0x00000ebc   Section        0  st7735.o(i.commonInit)
    commonInit                               0x00000ebd   Thumb Code   342  st7735.o(i.commonInit)
    i.deselect                               0x00001044   Section        0  st7735.o(i.deselect)
    deselect                                 0x00001045   Thumb Code    24  st7735.o(i.deselect)
    i.get_Curr_Data                          0x00001060   Section        0  switch.o(i.get_Curr_Data)
    i.get_Last_Data                          0x0000106c   Section        0  switch.o(i.get_Last_Data)
    i.main                                   0x00001078   Section        0  lab5.o(i.main)
    i.setAddrWindow                          0x00001254   Section        0  st7735.o(i.setAddrWindow)
    setAddrWindow                            0x00001255   Thumb Code   106  st7735.o(i.setAddrWindow)
    i.trumpet_init                           0x000012c8   Section        0  lab5.o(i.trumpet_init)
    i.writecommand                           0x000022a8   Section        0  st7735.o(i.writecommand)
    writecommand                             0x000022a9   Thumb Code    46  st7735.o(i.writecommand)
    i.writedata                              0x000022e0   Section        0  st7735.o(i.writedata)
    writedata                                0x000022e1   Thumb Code    26  st7735.o(i.writedata)
    x$fpl$dcmpinf                            0x00002304   Section       24  dcmpi.o(x$fpl$dcmpinf)
    x$fpl$ddiv                               0x0000231c   Section      688  ddiv.o(x$fpl$ddiv)
    ddiv_entry                               0x00002323   Thumb Code     0  ddiv.o(x$fpl$ddiv)
    x$fpl$deqf                               0x000025cc   Section      120  deqf.o(x$fpl$deqf)
    x$fpl$dfixu                              0x00002644   Section       90  dfixu.o(x$fpl$dfixu)
    x$fpl$dmul                               0x000026a0   Section      340  dmul.o(x$fpl$dmul)
    x$fpl$dnaninf                            0x000027f4   Section      156  dnaninf.o(x$fpl$dnaninf)
    x$fpl$dretinf                            0x00002890   Section       12  dretinf.o(x$fpl$dretinf)
    .constdata                               0x0000289c   Section     2114  st7735.o(.constdata)
    x$fpl$usenofp                            0x0000289c   Section        0  usenofp.o(x$fpl$usenofp)
    Font                                     0x0000289c   Data        1275  st7735.o(.constdata)
    Bcmd                                     0x00002d97   Data         103  st7735.o(.constdata)
    Rcmd1                                    0x00002dfe   Data          59  st7735.o(.constdata)
    Rcmd2green                               0x00002e39   Data          13  st7735.o(.constdata)
    Rcmd2red                                 0x00002e46   Data          13  st7735.o(.constdata)
    Rcmd3                                    0x00002e53   Data          43  st7735.o(.constdata)
    .constdata                               0x000030e0   Section     3552  lab5.o(.constdata)
    .data                                    0x20000000   Section        8  texas.o(.data)
    .data                                    0x20000008   Section       60  st7735.o(.data)
    ColStart                                 0x20000012   Data           1  st7735.o(.data)
    RowStart                                 0x20000013   Data           1  st7735.o(.data)
    Rotation                                 0x20000014   Data           1  st7735.o(.data)
    TabColor                                 0x20000015   Data           1  st7735.o(.data)
    _width                                   0x20000016   Data           2  st7735.o(.data)
    _height                                  0x20000018   Data           2  st7735.o(.data)
    .data                                    0x20000044   Section      560  lab5.o(.data)
    .data                                    0x20000274   Section        8  switch.o(.data)
    .bss                                     0x20000280   Section     6024  lab5.o(.bss)
    .bss                                     0x20001a08   Section       96  libspace.o(.bss)
    HEAP                                     0x20001a68   Section        0  startup.o(HEAP)
    STACK                                    0x20001a68   Section     1024  startup.o(STACK)
    HeapMem                                  0x20001a68   Data           0  startup.o(HEAP)
    StackMem                                 0x20001a68   Data           0  startup.o(STACK)

    Global Symbols

    Symbol Name                              Value     Ov Type        Size  Object(Section)

    BuildAttributes$$THM_ISAv4$E$P$D$K$B$S$7EM$PE$A:L22UL41UL21$X:L11$S22US41US21$IEEE1$IW$USESV6$~STKCKD$USESV7$~SHL$OSPACE$ROPI$EBA8$UX$STANDARDLIB$REQ8$PRES8$EABIv2 0x00000000   Number         0  anon$$obj.o ABSOLUTE
    __ARM_use_no_argv                        0x00000000   Number         0  lab5.o ABSOLUTE
    __Vectors                                0x00000000   Data           0  startup.o(RESET)
    __ARM_exceptions_init                     - Undefined Weak Reference
    __alloca_initialize                       - Undefined Weak Reference
    __arm_fini_                               - Undefined Weak Reference
    __arm_preinit_                            - Undefined Weak Reference
    __cpp_initialize__aeabi_                  - Undefined Weak Reference
    __cxa_finalize                            - Undefined Weak Reference
    __rt_locale                               - Undefined Weak Reference
    __sigvec_lookup                           - Undefined Weak Reference
    _atexit_init                              - Undefined Weak Reference
    _call_atexit_fns                          - Undefined Weak Reference
    _clock_init                               - Undefined Weak Reference
    _fp_trap_init                             - Undefined Weak Reference
    _fp_trap_shutdown                         - Undefined Weak Reference
    _get_lc_collate                           - Undefined Weak Reference
    _get_lc_ctype                             - Undefined Weak Reference
    _get_lc_monetary                          - Undefined Weak Reference
    _get_lc_numeric                           - Undefined Weak Reference
    _get_lc_time                              - Undefined Weak Reference
    _getenv_init                              - Undefined Weak Reference
    _handle_redirection                       - Undefined Weak Reference
    _init_alloc                               - Undefined Weak Reference
    _init_user_alloc                          - Undefined Weak Reference
    _initio                                   - Undefined Weak Reference
    _rand_init                                - Undefined Weak Reference
    _signal_finish                            - Undefined Weak Reference
    _signal_init                              - Undefined Weak Reference
    _terminate_alloc                          - Undefined Weak Reference
    _terminate_user_alloc                     - Undefined Weak Reference
    _terminateio                              - Undefined Weak Reference
    Reset_Handler                            0x0000026d   Thumb Code     0  startup.o(RESET)
    NMI_Handler                              0x00000271   Thumb Code     2  startup.o(RESET)
    HardFault_Handler                        0x00000273   Thumb Code     2  startup.o(RESET)
    MemManage_Handler                        0x00000275   Thumb Code     2  startup.o(RESET)
    BusFault_Handler                         0x00000277   Thumb Code     2  startup.o(RESET)
    UsageFault_Handler                       0x00000279   Thumb Code     2  startup.o(RESET)
    SVC_Handler                              0x0000027b   Thumb Code     2  startup.o(RESET)
    DebugMon_Handler                         0x0000027d   Thumb Code     2  startup.o(RESET)
    PendSV_Handler                           0x0000027f   Thumb Code     2  startup.o(RESET)
    SysTick_Handler                          0x00000281   Thumb Code     2  startup.o(RESET)
    ADC0Seq0_Handler                         0x00000283   Thumb Code     0  startup.o(RESET)
    ADC0Seq1_Handler                         0x00000283   Thumb Code     0  startup.o(RESET)
    ADC0Seq2_Handler                         0x00000283   Thumb Code     0  startup.o(RESET)
    ADC0Seq3_Handler                         0x00000283   Thumb Code     0  startup.o(RESET)
    ADC1Seq0_Handler                         0x00000283   Thumb Code     0  startup.o(RESET)
    ADC1Seq1_Handler                         0x00000283   Thumb Code     0  startup.o(RESET)
    ADC1Seq2_Handler                         0x00000283   Thumb Code     0  startup.o(RESET)
    ADC1Seq3_Handler                         0x00000283   Thumb Code     0  startup.o(RESET)
    CAN0_Handler                             0x00000283   Thumb Code     0  startup.o(RESET)
    CAN1_Handler                             0x00000283   Thumb Code     0  startup.o(RESET)
    CAN2_Handler                             0x00000283   Thumb Code     0  startup.o(RESET)
    Comp0_Handler                            0x00000283   Thumb Code     0  startup.o(RESET)
    Comp1_Handler                            0x00000283   Thumb Code     0  startup.o(RESET)
    Comp2_Handler                            0x00000283   Thumb Code     0  startup.o(RESET)
    Ethernet_Handler                         0x00000283   Thumb Code     0  startup.o(RESET)
    ExtBus_Handler                           0x00000283   Thumb Code     0  startup.o(RESET)
    FPU_Handler                              0x00000283   Thumb Code     0  startup.o(RESET)
    Fan0_Handler                             0x00000283   Thumb Code     0  startup.o(RESET)
    FlashCtl_Handler                         0x00000283   Thumb Code     0  startup.o(RESET)
    GPIOPortA_Handler                        0x00000283   Thumb Code     0  startup.o(RESET)
    GPIOPortB_Handler                        0x00000283   Thumb Code     0  startup.o(RESET)
    GPIOPortC_Handler                        0x00000283   Thumb Code     0  startup.o(RESET)
    GPIOPortD_Handler                        0x00000283   Thumb Code     0  startup.o(RESET)
    GPIOPortE_Handler                        0x00000283   Thumb Code     0  startup.o(RESET)
    GPIOPortF_Handler                        0x00000283   Thumb Code     0  startup.o(RESET)
    GPIOPortG_Handler                        0x00000283   Thumb Code     0  startup.o(RESET)
    GPIOPortH_Handler                        0x00000283   Thumb Code     0  startup.o(RESET)
    GPIOPortJ_Handler                        0x00000283   Thumb Code     0  startup.o(RESET)
    GPIOPortK_Handler                        0x00000283   Thumb Code     0  startup.o(RESET)
    GPIOPortL_Handler                        0x00000283   Thumb Code     0  startup.o(RESET)
    GPIOPortM_Handler                        0x00000283   Thumb Code     0  startup.o(RESET)
    GPIOPortN_Handler                        0x00000283   Thumb Code     0  startup.o(RESET)
    GPIOPortP1_Handler                       0x00000283   Thumb Code     0  startup.o(RESET)
    GPIOPortP2_Handler                       0x00000283   Thumb Code     0  startup.o(RESET)
    GPIOPortP3_Handler                       0x00000283   Thumb Code     0  startup.o(RESET)
    GPIOPortP4_Handler                       0x00000283   Thumb Code     0  startup.o(RESET)
    GPIOPortP5_Handler                       0x00000283   Thumb Code     0  startup.o(RESET)
    GPIOPortP6_Handler                       0x00000283   Thumb Code     0  startup.o(RESET)
    GPIOPortP7_Handler                       0x00000283   Thumb Code     0  startup.o(RESET)
    GPIOPortP_Handler                        0x00000283   Thumb Code     0  startup.o(RESET)
    GPIOPortQ1_Handler                       0x00000283   Thumb Code     0  startup.o(RESET)
    GPIOPortQ2_Handler                       0x00000283   Thumb Code     0  startup.o(RESET)
    GPIOPortQ3_Handler                       0x00000283   Thumb Code     0  startup.o(RESET)
    GPIOPortQ4_Handler                       0x00000283   Thumb Code     0  startup.o(RESET)
    GPIOPortQ5_Handler                       0x00000283   Thumb Code     0  startup.o(RESET)
    GPIOPortQ6_Handler                       0x00000283   Thumb Code     0  startup.o(RESET)
    GPIOPortQ7_Handler                       0x00000283   Thumb Code     0  startup.o(RESET)
    GPIOPortQ_Handler                        0x00000283   Thumb Code     0  startup.o(RESET)
    GPIOPortR_Handler                        0x00000283   Thumb Code     0  startup.o(RESET)
    GPIOPortS_Handler                        0x00000283   Thumb Code     0  startup.o(RESET)
    Hibernate_Handler                        0x00000283   Thumb Code     0  startup.o(RESET)
    I2C0_Handler                             0x00000283   Thumb Code     0  startup.o(RESET)
    I2C1_Handler                             0x00000283   Thumb Code     0  startup.o(RESET)
    I2C2_Handler                             0x00000283   Thumb Code     0  startup.o(RESET)
    I2C3_Handler                             0x00000283   Thumb Code     0  startup.o(RESET)
    I2C4_Handler                             0x00000283   Thumb Code     0  startup.o(RESET)
    I2C5_Handler                             0x00000283   Thumb Code     0  startup.o(RESET)
    I2S0_Handler                             0x00000283   Thumb Code     0  startup.o(RESET)
    LPC0_Handler                             0x00000283   Thumb Code     0  startup.o(RESET)
    PECI0_Handler                            0x00000283   Thumb Code     0  startup.o(RESET)
    PWM0Fault_Handler                        0x00000283   Thumb Code     0  startup.o(RESET)
    PWM0Generator0_Handler                   0x00000283   Thumb Code     0  startup.o(RESET)
    PWM0Generator1_Handler                   0x00000283   Thumb Code     0  startup.o(RESET)
    PWM0Generator2_Handler                   0x00000283   Thumb Code     0  startup.o(RESET)
    PWM0Generator3_Handler                   0x00000283   Thumb Code     0  startup.o(RESET)
    PWM1Fault_Handler                        0x00000283   Thumb Code     0  startup.o(RESET)
    PWM1Generator0_Handler                   0x00000283   Thumb Code     0  startup.o(RESET)
    PWM1Generator1_Handler                   0x00000283   Thumb Code     0  startup.o(RESET)
    PWM1Generator2_Handler                   0x00000283   Thumb Code     0  startup.o(RESET)
    PWM1Generator3_Handler                   0x00000283   Thumb Code     0  startup.o(RESET)
    Quadrature0_Handler                      0x00000283   Thumb Code     0  startup.o(RESET)
    Quadrature1_Handler                      0x00000283   Thumb Code     0  startup.o(RESET)
    Quadrature2_Handler                      0x00000283   Thumb Code     0  startup.o(RESET)
    SSI0_Handler                             0x00000283   Thumb Code     0  startup.o(RESET)
    SSI1_Handler                             0x00000283   Thumb Code     0  startup.o(RESET)
    SSI2_Handler                             0x00000283   Thumb Code     0  startup.o(RESET)
    SSI3_Handler                             0x00000283   Thumb Code     0  startup.o(RESET)
    SysCtl_Handler                           0x00000283   Thumb Code     0  startup.o(RESET)
    Timer0B_Handler                          0x00000283   Thumb Code     0  startup.o(RESET)
    Timer1A_Handler                          0x00000283   Thumb Code     0  startup.o(RESET)
    Timer1B_Handler                          0x00000283   Thumb Code     0  startup.o(RESET)
    Timer2B_Handler                          0x00000283   Thumb Code     0  startup.o(RESET)
    Timer3A_Handler                          0x00000283   Thumb Code     0  startup.o(RESET)
    Timer3B_Handler                          0x00000283   Thumb Code     0  startup.o(RESET)
    Timer4A_Handler                          0x00000283   Thumb Code     0  startup.o(RESET)
    Timer4B_Handler                          0x00000283   Thumb Code     0  startup.o(RESET)
    Timer5B_Handler                          0x00000283   Thumb Code     0  startup.o(RESET)
    UART0_Handler                            0x00000283   Thumb Code     0  startup.o(RESET)
    UART1_Handler                            0x00000283   Thumb Code     0  startup.o(RESET)
    UART2_Handler                            0x00000283   Thumb Code     0  startup.o(RESET)
    UART3_Handler                            0x00000283   Thumb Code     0  startup.o(RESET)
    UART4_Handler                            0x00000283   Thumb Code     0  startup.o(RESET)
    UART5_Handler                            0x00000283   Thumb Code     0  startup.o(RESET)
    UART6_Handler                            0x00000283   Thumb Code     0  startup.o(RESET)
    UART7_Handler                            0x00000283   Thumb Code     0  startup.o(RESET)
    USB0_Handler                             0x00000283   Thumb Code     0  startup.o(RESET)
    WDT_Handler                              0x00000283   Thumb Code     0  startup.o(RESET)
    WideTimer0A_Handler                      0x00000283   Thumb Code     0  startup.o(RESET)
    WideTimer0B_Handler                      0x00000283   Thumb Code     0  startup.o(RESET)
    WideTimer1A_Handler                      0x00000283   Thumb Code     0  startup.o(RESET)
    WideTimer1B_Handler                      0x00000283   Thumb Code     0  startup.o(RESET)
    WideTimer2A_Handler                      0x00000283   Thumb Code     0  startup.o(RESET)
    WideTimer2B_Handler                      0x00000283   Thumb Code     0  startup.o(RESET)
    WideTimer3A_Handler                      0x00000283   Thumb Code     0  startup.o(RESET)
    WideTimer3B_Handler                      0x00000283   Thumb Code     0  startup.o(RESET)
    WideTimer4A_Handler                      0x00000283   Thumb Code     0  startup.o(RESET)
    WideTimer4B_Handler                      0x00000283   Thumb Code     0  startup.o(RESET)
    WideTimer5A_Handler                      0x00000283   Thumb Code     0  startup.o(RESET)
    WideTimer5B_Handler                      0x00000283   Thumb Code     0  startup.o(RESET)
    uDMA_Error                               0x00000283   Thumb Code     0  startup.o(RESET)
    uDMA_Handler                             0x00000283   Thumb Code     0  startup.o(RESET)
    __main                                   0x00000285   Thumb Code     8  __main.o(!!!main)
    __scatterload                            0x0000028d   Thumb Code     0  __scatter.o(!!!scatter)
    __scatterload_rt2                        0x0000028d   Thumb Code    44  __scatter.o(!!!scatter)
    __scatterload_rt2_thumb_only             0x0000028d   Thumb Code     0  __scatter.o(!!!scatter)
    __scatterload_null                       0x0000029b   Thumb Code     0  __scatter.o(!!!scatter)
    __decompress                             0x000002c1   Thumb Code    90  __dczerorl2.o(!!dczerorl2)
    __decompress1                            0x000002c1   Thumb Code     0  __dczerorl2.o(!!dczerorl2)
    __scatterload_zeroinit                   0x0000031d   Thumb Code    28  __scatter_zi.o(!!handler_zi)
    __rt_lib_init                            0x00000339   Thumb Code     0  libinit.o(.ARM.Collect$$libinit$$00000000)
    __rt_lib_init_alloca_1                   0x0000033b   Thumb Code     0  libinit2.o(.ARM.Collect$$libinit$$0000002E)
    __rt_lib_init_argv_1                     0x0000033b   Thumb Code     0  libinit2.o(.ARM.Collect$$libinit$$0000002C)
    __rt_lib_init_atexit_1                   0x0000033b   Thumb Code     0  libinit2.o(.ARM.Collect$$libinit$$0000001B)
    __rt_lib_init_clock_1                    0x0000033b   Thumb Code     0  libinit2.o(.ARM.Collect$$libinit$$00000021)
    __rt_lib_init_cpp_1                      0x0000033b   Thumb Code     0  libinit2.o(.ARM.Collect$$libinit$$00000032)
    __rt_lib_init_exceptions_1               0x0000033b   Thumb Code     0  libinit2.o(.ARM.Collect$$libinit$$00000030)
    __rt_lib_init_fp_1                       0x0000033b   Thumb Code     0  libinit2.o(.ARM.Collect$$libinit$$00000002)
    __rt_lib_init_fp_trap_1                  0x0000033b   Thumb Code     0  libinit2.o(.ARM.Collect$$libinit$$0000001F)
    __rt_lib_init_getenv_1                   0x0000033b   Thumb Code     0  libinit2.o(.ARM.Collect$$libinit$$00000023)
    __rt_lib_init_heap_1                     0x0000033b   Thumb Code     0  libinit2.o(.ARM.Collect$$libinit$$0000000A)
    __rt_lib_init_lc_collate_1               0x0000033b   Thumb Code     0  libinit2.o(.ARM.Collect$$libinit$$00000011)
    __rt_lib_init_lc_ctype_1                 0x0000033b   Thumb Code     0  libinit2.o(.ARM.Collect$$libinit$$00000013)
    __rt_lib_init_lc_monetary_1              0x0000033b   Thumb Code     0  libinit2.o(.ARM.Collect$$libinit$$00000015)
    __rt_lib_init_lc_numeric_1               0x0000033b   Thumb Code     0  libinit2.o(.ARM.Collect$$libinit$$00000017)
    __rt_lib_init_lc_time_1                  0x0000033b   Thumb Code     0  libinit2.o(.ARM.Collect$$libinit$$00000019)
    __rt_lib_init_preinit_1                  0x0000033b   Thumb Code     0  libinit2.o(.ARM.Collect$$libinit$$00000004)
    __rt_lib_init_rand_1                     0x0000033b   Thumb Code     0  libinit2.o(.ARM.Collect$$libinit$$0000000E)
    __rt_lib_init_return                     0x0000033b   Thumb Code     0  libinit2.o(.ARM.Collect$$libinit$$00000033)
    __rt_lib_init_signal_1                   0x0000033b   Thumb Code     0  libinit2.o(.ARM.Collect$$libinit$$0000001D)
    __rt_lib_init_stdio_1                    0x0000033b   Thumb Code     0  libinit2.o(.ARM.Collect$$libinit$$00000025)
    __rt_lib_init_user_alloc_1               0x0000033b   Thumb Code     0  libinit2.o(.ARM.Collect$$libinit$$0000000C)
    __rt_lib_shutdown                        0x0000033d   Thumb Code     0  libshutdown.o(.ARM.Collect$$libshutdown$$00000000)
    __rt_lib_shutdown_cpp_1                  0x0000033f   Thumb Code     0  libshutdown2.o(.ARM.Collect$$libshutdown$$00000004)
    __rt_lib_shutdown_fini_1                 0x0000033f   Thumb Code     0  libshutdown2.o(.ARM.Collect$$libshutdown$$00000002)
    __rt_lib_shutdown_fp_trap_1              0x0000033f   Thumb Code     0  libshutdown2.o(.ARM.Collect$$libshutdown$$00000009)
    __rt_lib_shutdown_heap_1                 0x0000033f   Thumb Code     0  libshutdown2.o(.ARM.Collect$$libshutdown$$00000011)
    __rt_lib_shutdown_return                 0x0000033f   Thumb Code     0  libshutdown2.o(.ARM.Collect$$libshutdown$$00000012)
    __rt_lib_shutdown_signal_1               0x0000033f   Thumb Code     0  libshutdown2.o(.ARM.Collect$$libshutdown$$0000000C)
    __rt_lib_shutdown_stdio_1                0x0000033f   Thumb Code     0  libshutdown2.o(.ARM.Collect$$libshutdown$$00000006)
    __rt_lib_shutdown_user_alloc_1           0x0000033f   Thumb Code     0  libshutdown2.o(.ARM.Collect$$libshutdown$$0000000E)
    __rt_entry                               0x00000341   Thumb Code     0  __rtentry.o(.ARM.Collect$$rtentry$$00000000)
    __rt_entry_presh_1                       0x00000341   Thumb Code     0  __rtentry2.o(.ARM.Collect$$rtentry$$00000002)
    __rt_entry_sh                            0x00000341   Thumb Code     0  __rtentry4.o(.ARM.Collect$$rtentry$$00000004)
    __rt_entry_li                            0x00000347   Thumb Code     0  __rtentry2.o(.ARM.Collect$$rtentry$$0000000A)
    __rt_entry_postsh_1                      0x00000347   Thumb Code     0  __rtentry2.o(.ARM.Collect$$rtentry$$00000009)
    __rt_entry_main                          0x0000034b   Thumb Code     0  __rtentry2.o(.ARM.Collect$$rtentry$$0000000D)
    __rt_entry_postli_1                      0x0000034b   Thumb Code     0  __rtentry2.o(.ARM.Collect$$rtentry$$0000000C)
    __rt_exit                                0x00000353   Thumb Code     0  rtexit.o(.ARM.Collect$$rtexit$$00000000)
    __rt_exit_ls                             0x00000355   Thumb Code     0  rtexit2.o(.ARM.Collect$$rtexit$$00000003)
    __rt_exit_prels_1                        0x00000355   Thumb Code     0  rtexit2.o(.ARM.Collect$$rtexit$$00000002)
    __rt_exit_exit                           0x00000359   Thumb Code     0  rtexit2.o(.ARM.Collect$$rtexit$$00000004)
    DisableInterrupts                        0x00000361   Thumb Code     0  startup.o(.text)
    EnableInterrupts                         0x00000365   Thumb Code     0  startup.o(.text)
    StartCritical                            0x00000369   Thumb Code     0  startup.o(.text)
    EndCritical                              0x00000371   Thumb Code     0  startup.o(.text)
    WaitForInterrupt                         0x00000377   Thumb Code     0  startup.o(.text)
    __user_initial_stackheap                 0x0000037b   Thumb Code     0  startup.o(.text)
    __aeabi_memcpy4                          0x00000391   Thumb Code     0  rt_memcpy_w.o(.text)
    __aeabi_memcpy8                          0x00000391   Thumb Code     0  rt_memcpy_w.o(.text)
    __rt_memcpy_w                            0x00000391   Thumb Code   100  rt_memcpy_w.o(.text)
    _memcpy_lastbytes_aligned                0x000003d9   Thumb Code     0  rt_memcpy_w.o(.text)
    __use_two_region_memory                  0x000003f5   Thumb Code     2  heapauxi.o(.text)
    __rt_heap_escrow$2region                 0x000003f7   Thumb Code     2  heapauxi.o(.text)
    __rt_heap_expand$2region                 0x000003f9   Thumb Code     2  heapauxi.o(.text)
    __user_setup_stackheap                   0x000003fb   Thumb Code    74  sys_stackheap_outer.o(.text)
    exit                                     0x00000445   Thumb Code    18  exit.o(.text)
    __user_libspace                          0x00000459   Thumb Code     8  libspace.o(.text)
    __user_perproc_libspace                  0x00000459   Thumb Code     0  libspace.o(.text)
    __user_perthread_libspace                0x00000459   Thumb Code     0  libspace.o(.text)
    _sys_exit                                0x00000461   Thumb Code     8  sys_exit.o(.text)
    __I$use$semihosting                      0x0000046d   Thumb Code     0  use_no_semi.o(.text)
    __use_no_semihosting_swi                 0x0000046d   Thumb Code     2  use_no_semi.o(.text)
    __semihosting_library_function           0x0000046f   Thumb Code     0  indicate_semi.o(.text)
    ADC1_InSeq3                              0x00000471   Thumb Code    38  lab5.o(i.ADC1_InSeq3)
    ADC1_Init                                0x0000049d   Thumb Code   176  texas.o(i.ADC1_Init)
    ADC1_Init_2                              0x00000565   Thumb Code   146  lab5.o(i.ADC1_Init_2)
    DAC_Init                                 0x00000609   Thumb Code    82  dac.o(i.DAC_Init)
    DAC_Out                                  0x00000665   Thumb Code    34  dac.o(i.DAC_Out)
    Delay1ms                                 0x0000068d   Thumb Code    32  st7735.o(i.Delay1ms)
    LaunchPad_Init                           0x000006ad   Thumb Code    70  launchpad.o(i.LaunchPad_Init)
    PLL_Init                                 0x00000709   Thumb Code   120  pll.o(i.PLL_Init)
    PeriodicTask2_Init                       0x00000785   Thumb Code   160  texas.o(i.PeriodicTask2_Init)
    Play                                     0x0000083d   Thumb Code   268  lab5.o(i.Play)
    Port_D_Init                              0x00000975   Thumb Code   228  lab5.o(i.Port_D_Init)
    ST7735_FillRect                          0x00000a6d   Thumb Code   168  st7735.o(i.ST7735_FillRect)
    ST7735_FillScreen                        0x00000b1d   Thumb Code    28  st7735.o(i.ST7735_FillScreen)
    ST7735_InitR                             0x00000b41   Thumb Code    90  st7735.o(i.ST7735_InitR)
    ST7735_SetCursor                         0x00000bbd   Thumb Code    22  st7735.o(i.ST7735_SetCursor)
    ScopeTask                                0x00000bdd   Thumb Code    14  lab5.o(i.ScopeTask)
    Switch_Data                              0x00000bf1   Thumb Code    22  switch.o(i.Switch_Data)
    Switch_Init                              0x00000c15   Thumb Code   102  switch.o(i.Switch_Init)
    TExaS_SetTask                            0x00000c8d   Thumb Code    40  texas.o(i.TExaS_SetTask)
    Timer0A_Handler                          0x00000cb9   Thumb Code    76  lab5.o(i.Timer0A_Handler)
    Timer0A_Init                             0x00000d21   Thumb Code   100  lab5.o(i.Timer0A_Init)
    Timer2A_Handler                          0x00000d95   Thumb Code    20  lab5.o(i.Timer2A_Handler)
    Timer5A_Handler                          0x00000db1   Thumb Code    16  texas.o(i.Timer5A_Handler)
    UART_Init                                0x00000dc9   Thumb Code   138  texas.o(i.UART_Init)
    get_Curr_Data                            0x00001061   Thumb Code     6  switch.o(i.get_Curr_Data)
    get_Last_Data                            0x0000106d   Thumb Code     6  switch.o(i.get_Last_Data)
    main                                     0x00001079   Thumb Code   406  lab5.o(i.main)
    trumpet_init                             0x000012c9   Thumb Code  4030  lab5.o(i.trumpet_init)
    __fpl_dcmp_Inf                           0x00002305   Thumb Code    24  dcmpi.o(x$fpl$dcmpinf)
    __aeabi_ddiv                             0x0000231d   Thumb Code     0  ddiv.o(x$fpl$ddiv)
    _ddiv                                    0x0000231d   Thumb Code   552  ddiv.o(x$fpl$ddiv)
    __aeabi_cdcmpeq                          0x000025cd   Thumb Code     0  deqf.o(x$fpl$deqf)
    _dcmpeq                                  0x000025cd   Thumb Code   120  deqf.o(x$fpl$deqf)
    __aeabi_d2uiz                            0x00002645   Thumb Code     0  dfixu.o(x$fpl$dfixu)
    _dfixu                                   0x00002645   Thumb Code    90  dfixu.o(x$fpl$dfixu)
    __aeabi_dmul                             0x000026a1   Thumb Code     0  dmul.o(x$fpl$dmul)
    _dmul                                    0x000026a1   Thumb Code   332  dmul.o(x$fpl$dmul)
    __fpl_dnaninf                            0x000027f5   Thumb Code   156  dnaninf.o(x$fpl$dnaninf)
    __fpl_dretinf                            0x00002891   Thumb Code    12  dretinf.o(x$fpl$dretinf)
    __I$use$fp                               0x0000289c   Number         0  usenofp.o(x$fpl$usenofp)
    smallCircle                              0x00002e7e   Data          36  st7735.o(.constdata)
    circle                                   0x00002ea2   Data          60  st7735.o(.constdata)
    dBfs                                     0x00002ede   Data         512  st7735.o(.constdata)
    Region$$Table$$Base                      0x00003ec0   Number         0  anon$$obj.o(Region$$Table)
    Region$$Table$$Limit                     0x00003ee0   Number         0  anon$$obj.o(Region$$Table)
    LogicData                                0x20000000   Data           1  texas.o(.data)
    PeriodicTask2                            0x20000004   Data           4  texas.o(.data)
    StX                                      0x20000008   Data           4  st7735.o(.data)
    StY                                      0x2000000c   Data           4  st7735.o(.data)
    StTextColor                              0x20000010   Data           2  st7735.o(.data)
    Messageindex                             0x2000001c   Data           4  st7735.o(.data)
    Ymax                                     0x20000020   Data           4  st7735.o(.data)
    Ymin                                     0x20000024   Data           4  st7735.o(.data)
    X                                        0x20000028   Data           4  st7735.o(.data)
    Yrange                                   0x2000002c   Data           4  st7735.o(.data)
    lastj                                    0x20000030   Data           4  st7735.o(.data)
    MinX                                     0x20000034   Data           4  st7735.o(.data)
    MaxX                                     0x20000038   Data           4  st7735.o(.data)
    MinY                                     0x2000003c   Data           4  st7735.o(.data)
    MaxY                                     0x20000040   Data           4  st7735.o(.data)
    trumpet_len                              0x20000044   Data           4  lab5.o(.data)
    Trumpet64                                0x20000048   Data         256  lab5.o(.data)
    Oboe64                                   0x20000148   Data         256  lab5.o(.data)
    trumpet_note_pos                         0x20000248   Data           4  lab5.o(.data)
    trumpet_note_count                       0x2000024c   Data           4  lab5.o(.data)
    trumpet_note_period                      0x20000250   Data           4  lab5.o(.data)
    trumpet_wave_pos                         0x20000254   Data           4  lab5.o(.data)
    trumpet_wave_count                       0x20000258   Data           4  lab5.o(.data)
    trumpet_wave_period                      0x2000025c   Data           4  lab5.o(.data)
    trumpet_duty_flag                        0x20000260   Data           2  lab5.o(.data)
    inst_ptr                                 0x20000264   Data           4  lab5.o(.data)
    switch_curr                              0x20000268   Data           4  lab5.o(.data)
    switch_last                              0x2000026c   Data           4  lab5.o(.data)
    MaxElapsedTime0                          0x20000270   Data           4  lab5.o(.data)
    last_data                                0x20000274   Data           4  switch.o(.data)
    curr_data                                0x20000278   Data           4  switch.o(.data)
    trumpet                                  0x20000280   Data        3624  lab5.o(.bss)
    oboe                                     0x200010a8   Data        2400  lab5.o(.bss)
    __libspace_start                         0x20001a08   Data          96  libspace.o(.bss)
    __temporary_stack_top$libspace           0x20001a68   Data           0  libspace.o(.bss)



==============================================================================

Memory Map of the image

  Image Entry point : 0x0000026d

  Load Region LR_1 (Base: 0x00000000, Size: 0x0000415c, Max: 0xffffffff, ABSOLUTE, COMPRESSED[0x00004054])

    Execution Region ER_RO (Exec base: 0x00000000, Load base: 0x00000000, Size: 0x00003ee0, Max: 0xffffffff, ABSOLUTE)

    Exec Addr    Load Addr    Size         Type   Attr      Idx    E Section Name        Object

    0x00000000   0x00000000   0x00000284   Code   RO            3  * RESET               startup.o
    0x00000284   0x00000284   0x00000008   Code   RO          941  * !!!main             c_w.l(__main.o)
    0x0000028c   0x0000028c   0x00000034   Code   RO         1121    !!!scatter          c_w.l(__scatter.o)
    0x000002c0   0x000002c0   0x0000005a   Code   RO         1119    !!dczerorl2         c_w.l(__dczerorl2.o)
    0x0000031a   0x0000031a   0x00000002   PAD
    0x0000031c   0x0000031c   0x0000001c   Code   RO         1123    !!handler_zi        c_w.l(__scatter_zi.o)
    0x00000338   0x00000338   0x00000002   Code   RO          987    .ARM.Collect$$libinit$$00000000  c_w.l(libinit.o)
    0x0000033a   0x0000033a   0x00000000   Code   RO          994    .ARM.Collect$$libinit$$00000002  c_w.l(libinit2.o)
    0x0000033a   0x0000033a   0x00000000   Code   RO          996    .ARM.Collect$$libinit$$00000004  c_w.l(libinit2.o)
    0x0000033a   0x0000033a   0x00000000   Code   RO          999    .ARM.Collect$$libinit$$0000000A  c_w.l(libinit2.o)
    0x0000033a   0x0000033a   0x00000000   Code   RO         1001    .ARM.Collect$$libinit$$0000000C  c_w.l(libinit2.o)
    0x0000033a   0x0000033a   0x00000000   Code   RO         1003    .ARM.Collect$$libinit$$0000000E  c_w.l(libinit2.o)
    0x0000033a   0x0000033a   0x00000000   Code   RO         1006    .ARM.Collect$$libinit$$00000011  c_w.l(libinit2.o)
    0x0000033a   0x0000033a   0x00000000   Code   RO         1008    .ARM.Collect$$libinit$$00000013  c_w.l(libinit2.o)
    0x0000033a   0x0000033a   0x00000000   Code   RO         1010    .ARM.Collect$$libinit$$00000015  c_w.l(libinit2.o)
    0x0000033a   0x0000033a   0x00000000   Code   RO         1012    .ARM.Collect$$libinit$$00000017  c_w.l(libinit2.o)
    0x0000033a   0x0000033a   0x00000000   Code   RO         1014    .ARM.Collect$$libinit$$00000019  c_w.l(libinit2.o)
    0x0000033a   0x0000033a   0x00000000   Code   RO         1016    .ARM.Collect$$libinit$$0000001B  c_w.l(libinit2.o)
    0x0000033a   0x0000033a   0x00000000   Code   RO         1018    .ARM.Collect$$libinit$$0000001D  c_w.l(libinit2.o)
    0x0000033a   0x0000033a   0x00000000   Code   RO         1020    .ARM.Collect$$libinit$$0000001F  c_w.l(libinit2.o)
    0x0000033a   0x0000033a   0x00000000   Code   RO         1022    .ARM.Collect$$libinit$$00000021  c_w.l(libinit2.o)
    0x0000033a   0x0000033a   0x00000000   Code   RO         1024    .ARM.Collect$$libinit$$00000023  c_w.l(libinit2.o)
    0x0000033a   0x0000033a   0x00000000   Code   RO         1026    .ARM.Collect$$libinit$$00000025  c_w.l(libinit2.o)
    0x0000033a   0x0000033a   0x00000000   Code   RO         1030    .ARM.Collect$$libinit$$0000002C  c_w.l(libinit2.o)
    0x0000033a   0x0000033a   0x00000000   Code   RO         1032    .ARM.Collect$$libinit$$0000002E  c_w.l(libinit2.o)
    0x0000033a   0x0000033a   0x00000000   Code   RO         1034    .ARM.Collect$$libinit$$00000030  c_w.l(libinit2.o)
    0x0000033a   0x0000033a   0x00000000   Code   RO         1036    .ARM.Collect$$libinit$$00000032  c_w.l(libinit2.o)
    0x0000033a   0x0000033a   0x00000002   Code   RO         1037    .ARM.Collect$$libinit$$00000033  c_w.l(libinit2.o)
    0x0000033c   0x0000033c   0x00000002   Code   RO         1057    .ARM.Collect$$libshutdown$$00000000  c_w.l(libshutdown.o)
    0x0000033e   0x0000033e   0x00000000   Code   RO         1070    .ARM.Collect$$libshutdown$$00000002  c_w.l(libshutdown2.o)
    0x0000033e   0x0000033e   0x00000000   Code   RO         1072    .ARM.Collect$$libshutdown$$00000004  c_w.l(libshutdown2.o)
    0x0000033e   0x0000033e   0x00000000   Code   RO         1074    .ARM.Collect$$libshutdown$$00000006  c_w.l(libshutdown2.o)
    0x0000033e   0x0000033e   0x00000000   Code   RO         1077    .ARM.Collect$$libshutdown$$00000009  c_w.l(libshutdown2.o)
    0x0000033e   0x0000033e   0x00000000   Code   RO         1080    .ARM.Collect$$libshutdown$$0000000C  c_w.l(libshutdown2.o)
    0x0000033e   0x0000033e   0x00000000   Code   RO         1082    .ARM.Collect$$libshutdown$$0000000E  c_w.l(libshutdown2.o)
    0x0000033e   0x0000033e   0x00000000   Code   RO         1085    .ARM.Collect$$libshutdown$$00000011  c_w.l(libshutdown2.o)
    0x0000033e   0x0000033e   0x00000002   Code   RO         1086    .ARM.Collect$$libshutdown$$00000012  c_w.l(libshutdown2.o)
    0x00000340   0x00000340   0x00000000   Code   RO          955    .ARM.Collect$$rtentry$$00000000  c_w.l(__rtentry.o)
    0x00000340   0x00000340   0x00000000   Code   RO          964    .ARM.Collect$$rtentry$$00000002  c_w.l(__rtentry2.o)
    0x00000340   0x00000340   0x00000006   Code   RO          976    .ARM.Collect$$rtentry$$00000004  c_w.l(__rtentry4.o)
    0x00000346   0x00000346   0x00000000   Code   RO          966    .ARM.Collect$$rtentry$$00000009  c_w.l(__rtentry2.o)
    0x00000346   0x00000346   0x00000004   Code   RO          967    .ARM.Collect$$rtentry$$0000000A  c_w.l(__rtentry2.o)
    0x0000034a   0x0000034a   0x00000000   Code   RO          969    .ARM.Collect$$rtentry$$0000000C  c_w.l(__rtentry2.o)
    0x0000034a   0x0000034a   0x00000008   Code   RO          970    .ARM.Collect$$rtentry$$0000000D  c_w.l(__rtentry2.o)
    0x00000352   0x00000352   0x00000002   Code   RO          991    .ARM.Collect$$rtexit$$00000000  c_w.l(rtexit.o)
    0x00000354   0x00000354   0x00000000   Code   RO         1039    .ARM.Collect$$rtexit$$00000002  c_w.l(rtexit2.o)
    0x00000354   0x00000354   0x00000004   Code   RO         1040    .ARM.Collect$$rtexit$$00000003  c_w.l(rtexit2.o)
    0x00000358   0x00000358   0x00000006   Code   RO         1041    .ARM.Collect$$rtexit$$00000004  c_w.l(rtexit2.o)
    0x0000035e   0x0000035e   0x00000002   PAD
    0x00000360   0x00000360   0x00000030   Code   RO            4    .text               startup.o
    0x00000390   0x00000390   0x00000064   Code   RO          937    .text               c_w.l(rt_memcpy_w.o)
    0x000003f4   0x000003f4   0x00000006   Code   RO          939    .text               c_w.l(heapauxi.o)
    0x000003fa   0x000003fa   0x0000004a   Code   RO          978    .text               c_w.l(sys_stackheap_outer.o)
    0x00000444   0x00000444   0x00000012   Code   RO          980    .text               c_w.l(exit.o)
    0x00000456   0x00000456   0x00000002   PAD
    0x00000458   0x00000458   0x00000008   Code   RO          988    .text               c_w.l(libspace.o)
    0x00000460   0x00000460   0x0000000c   Code   RO         1049    .text               c_w.l(sys_exit.o)
    0x0000046c   0x0000046c   0x00000002   Code   RO         1060    .text               c_w.l(use_no_semi.o)
    0x0000046e   0x0000046e   0x00000000   Code   RO         1062    .text               c_w.l(indicate_semi.o)
    0x0000046e   0x0000046e   0x00000002   PAD
    0x00000470   0x00000470   0x0000002c   Code   RO          758    i.ADC1_InSeq3       lab5.o
    0x0000049c   0x0000049c   0x000000c8   Code   RO          162    i.ADC1_Init         texas.o
    0x00000564   0x00000564   0x000000a4   Code   RO          759    i.ADC1_Init_2       lab5.o
    0x00000608   0x00000608   0x0000005c   Code   RO          875    i.DAC_Init          dac.o
    0x00000664   0x00000664   0x00000028   Code   RO          876    i.DAC_Out           dac.o
    0x0000068c   0x0000068c   0x00000020   Code   RO          390    i.Delay1ms          st7735.o
    0x000006ac   0x000006ac   0x0000005c   Code   RO          116    i.LaunchPad_Init    launchpad.o
    0x00000708   0x00000708   0x0000007c   Code   RO          100    i.PLL_Init          pll.o
    0x00000784   0x00000784   0x000000b8   Code   RO          167    i.PeriodicTask2_Init  texas.o
    0x0000083c   0x0000083c   0x00000138   Code   RO          761    i.Play              lab5.o
    0x00000974   0x00000974   0x000000f8   Code   RO          762    i.Port_D_Init       lab5.o
    0x00000a6c   0x00000a6c   0x000000b0   Code   RO          406    i.ST7735_FillRect   st7735.o
    0x00000b1c   0x00000b1c   0x00000024   Code   RO          407    i.ST7735_FillScreen  st7735.o
    0x00000b40   0x00000b40   0x0000007c   Code   RO          409    i.ST7735_InitR      st7735.o
    0x00000bbc   0x00000bbc   0x00000020   Code   RO          425    i.ST7735_SetCursor  st7735.o
    0x00000bdc   0x00000bdc   0x00000014   Code   RO          763    i.ScopeTask         lab5.o
    0x00000bf0   0x00000bf0   0x00000024   Code   RO          902    i.Switch_Data       switch.o
    0x00000c14   0x00000c14   0x00000078   Code   RO          903    i.Switch_Init       switch.o
    0x00000c8c   0x00000c8c   0x0000002c   Code   RO          185    i.TExaS_SetTask     texas.o
    0x00000cb8   0x00000cb8   0x00000068   Code   RO          764    i.Timer0A_Handler   lab5.o
    0x00000d20   0x00000d20   0x00000074   Code   RO          765    i.Timer0A_Init      lab5.o
    0x00000d94   0x00000d94   0x0000001c   Code   RO          766    i.Timer2A_Handler   lab5.o
    0x00000db0   0x00000db0   0x00000018   Code   RO          194    i.Timer5A_Handler   texas.o
    0x00000dc8   0x00000dc8   0x0000009c   Code   RO          196    i.UART_Init         texas.o
    0x00000e64   0x00000e64   0x00000056   Code   RO          434    i.commandList       st7735.o
    0x00000eba   0x00000eba   0x00000002   PAD
    0x00000ebc   0x00000ebc   0x00000188   Code   RO          435    i.commonInit        st7735.o
    0x00001044   0x00001044   0x0000001c   Code   RO          436    i.deselect          st7735.o
    0x00001060   0x00001060   0x0000000c   Code   RO          904    i.get_Curr_Data     switch.o
    0x0000106c   0x0000106c   0x0000000c   Code   RO          905    i.get_Last_Data     switch.o
    0x00001078   0x00001078   0x000001dc   Code   RO          769    i.main              lab5.o
    0x00001254   0x00001254   0x00000074   Code   RO          446    i.setAddrWindow     st7735.o
    0x000012c8   0x000012c8   0x00000fe0   Code   RO          770    i.trumpet_init      lab5.o
    0x000022a8   0x000022a8   0x00000038   Code   RO          447    i.writecommand      st7735.o
    0x000022e0   0x000022e0   0x00000024   Code   RO          448    i.writedata         st7735.o
    0x00002304   0x00002304   0x00000018   Code   RO          956    x$fpl$dcmpinf       fz_ws.l(dcmpi.o)
    0x0000231c   0x0000231c   0x000002b0   Code   RO          944    x$fpl$ddiv          fz_ws.l(ddiv.o)
    0x000025cc   0x000025cc   0x00000078   Code   RO          947    x$fpl$deqf          fz_ws.l(deqf.o)
    0x00002644   0x00002644   0x0000005a   Code   RO          949    x$fpl$dfixu         fz_ws.l(dfixu.o)
    0x0000269e   0x0000269e   0x00000002   PAD
    0x000026a0   0x000026a0   0x00000154   Code   RO          953    x$fpl$dmul          fz_ws.l(dmul.o)
    0x000027f4   0x000027f4   0x0000009c   Code   RO          958    x$fpl$dnaninf       fz_ws.l(dnaninf.o)
    0x00002890   0x00002890   0x0000000c   Code   RO          960    x$fpl$dretinf       fz_ws.l(dretinf.o)
    0x0000289c   0x0000289c   0x00000000   Code   RO          962    x$fpl$usenofp       fz_ws.l(usenofp.o)
    0x0000289c   0x0000289c   0x00000842   Data   RO          450    .constdata          st7735.o
    0x000030de   0x000030de   0x00000002   PAD
    0x000030e0   0x000030e0   0x00000de0   Data   RO          772    .constdata          lab5.o
    0x00003ec0   0x00003ec0   0x00000020   Data   RO         1117    Region$$Table       anon$$obj.o


    Execution Region ER_RW (Exec base: 0x20000000, Load base: 0x00003ee0, Size: 0x0000027c, Max: 0xffffffff, ABSOLUTE, COMPRESSED[0x00000174])

    Exec Addr    Load Addr    Size         Type   Attr      Idx    E Section Name        Object

    0x20000000   COMPRESSED   0x00000008   Data   RW          198    .data               texas.o
    0x20000008   COMPRESSED   0x0000003c   Data   RW          451    .data               st7735.o
    0x20000044   COMPRESSED   0x00000230   Data   RW          773    .data               lab5.o
    0x20000274   COMPRESSED   0x00000008   Data   RW          906    .data               switch.o


    Execution Region ER_ZI (Exec base: 0x2000027c, Load base: 0x00004054, Size: 0x00001bec, Max: 0xffffffff, ABSOLUTE)

    Exec Addr    Load Addr    Size         Type   Attr      Idx    E Section Name        Object

    0x2000027c   0x00004054   0x00000004   PAD
    0x20000280        -       0x00001788   Zero   RW          771    .bss                lab5.o
    0x20001a08        -       0x00000060   Zero   RW          989    .bss                c_w.l(libspace.o)
    0x20001a68        -       0x00000000   Zero   RW            2    HEAP                startup.o
    0x20001a68        -       0x00000400   Zero   RW            1    STACK               startup.o


==============================================================================

Image component sizes


      Code (inc. data)   RO Data    RW Data    ZI Data      Debug   Object Name

         0          0          0          0          0       4508   adcswtrigger.o
       132         16          0          0          0        905   dac.o
      5576        350       3552        560       6024       8909   lab5.o
        92         22          0          0          0        465   launchpad.o
       124          4          0          0          0        487   pll.o
      1114        144       2114         60          0      10627   st7735.o
       692        632          0          0       1024       1028   startup.o
       180         44          0          8          0       1974   switch.o
       608         78          0          8          0       3717   texas.o

    ----------------------------------------------------------------------
      8520       1290       5700        636       7052      32620   Object Totals
         0          0         32          0          0          0   (incl. Generated)
         2          0          2          0          4          0   (incl. Padding)

    ----------------------------------------------------------------------

      Code (inc. data)   RO Data    RW Data    ZI Data      Debug   Library Member Name

        90          0          0          0          0          0   __dczerorl2.o
         8          0          0          0          0         68   __main.o
         0          0          0          0          0          0   __rtentry.o
        12          0          0          0          0          0   __rtentry2.o
         6          0          0          0          0          0   __rtentry4.o
        52          8          0          0          0          0   __scatter.o
        28          0          0          0          0          0   __scatter_zi.o
        18          0          0          0          0         80   exit.o
         6          0          0          0          0        152   heapauxi.o
         0          0          0          0          0          0   indicate_semi.o
         2          0          0          0          0          0   libinit.o
         2          0          0          0          0          0   libinit2.o
         2          0          0          0          0          0   libshutdown.o
         2          0          0          0          0          0   libshutdown2.o
         8          4          0          0         96         68   libspace.o
       100          0          0          0          0         80   rt_memcpy_w.o
         2          0          0          0          0          0   rtexit.o
        10          0          0          0          0          0   rtexit2.o
        12          4          0          0          0         68   sys_exit.o
        74          0          0          0          0         80   sys_stackheap_outer.o
         2          0          0          0          0         68   use_no_semi.o
        24          0          0          0          0         68   dcmpi.o
       688        140          0          0          0        208   ddiv.o
       120          4          0          0          0         92   deqf.o
        90          4          0          0          0         92   dfixu.o
       340         12          0          0          0        104   dmul.o
       156          4          0          0          0         92   dnaninf.o
        12          0          0          0          0         68   dretinf.o
         0          0          0          0          0          0   usenofp.o

    ----------------------------------------------------------------------
      1876        180          0          0         96       1388   Library Totals
        10          0          0          0          0          0   (incl. Padding)

    ----------------------------------------------------------------------

      Code (inc. data)   RO Data    RW Data    ZI Data      Debug   Library Name

       436         16          0          0         96        664   c_w.l
      1430        164          0          0          0        724   fz_ws.l

    ----------------------------------------------------------------------
      1876        180          0          0         96       1388   Library Totals

    ----------------------------------------------------------------------

==============================================================================


      Code (inc. data)   RO Data    RW Data    ZI Data      Debug   

     10396       1470       5700        636       7148      31924   Grand Totals
     10396       1470       5700        372       7148      31924   ELF Image Totals (compressed)
     10396       1470       5700        372          0          0   ROM Totals

==============================================================================

    Total RO  Size (Code + RO Data)                16096 (  15.72kB)
    Total RW  Size (RW Data + ZI Data)              7784 (   7.60kB)
    Total ROM Size (Code + RO Data + RW Data)      16468 (  16.08kB)

==============================================================================

